[0.029s][info][gc] Using G1
[0.037s][info][gc,cds] Mark closed archive regions in map: [0x00000007ffe00000, 0x00000007ffe7bff8]
[0.037s][info][gc,cds] Mark open archive regions in map: [0x00000007ffd00000, 0x00000007ffd51ff8]
[0.037s][info][gc,metaspace] CDS archive(s) mapped at: [0x0000000800000000-0x0000000800b2b000-0x0000000800b2b000), size 11710464, SharedBaseAddress: 0x0000000800000000, ArchiveRelocationMode: 0.
[0.037s][info][gc,metaspace] Compressed class space mapped at: 0x0000000800b2c000-0x0000000840b2c000, size: 1073741824
[0.037s][info][gc,metaspace] Narrow klass base: 0x0000000800000000, Narrow klass shift: 3, Narrow klass range: 0x100000000
Start of program!
[0.198s][info][gc,start    ] GC(0) Pause Young (Normal) (G1 Evacuation Pause)
[0.200s][info][gc,task     ] GC(0) Using 7 workers of 8 for evacuation
[0.272s][info][gc,phases   ] GC(0)   Pre Evacuate Collection Set: 0.1ms
[0.272s][info][gc,phases   ] GC(0)   Merge Heap Roots: 0.6ms
[0.272s][info][gc,phases   ] GC(0)   Evacuate Collection Set: 70.0ms
[0.272s][info][gc,phases   ] GC(0)   Post Evacuate Collection Set: 0.3ms
[0.272s][info][gc,phases   ] GC(0)   Other: 2.5ms
[0.272s][info][gc,heap     ] GC(0) Eden regions: 11->0(5)
[0.272s][info][gc,heap     ] GC(0) Survivor regions: 0->2(2)
[0.272s][info][gc,heap     ] GC(0) Old regions: 0->9
[0.272s][info][gc,heap     ] GC(0) Archive regions: 2->2
[0.272s][info][gc,heap     ] GC(0) Humongous regions: 3->3
[0.272s][info][gc,metaspace] GC(0) Metaspace: 432K(4864K)->432K(4864K) NonClass: 401K(4352K)->401K(4352K) Class: 30K(512K)->30K(512K)
[0.272s][info][gc          ] GC(0) Pause Young (Normal) (G1 Evacuation Pause) 29M->28M(304M) 73.590ms
[0.272s][info][gc,cpu      ] GC(0) User=0.12s Sys=0.19s Real=0.07s
[0.280s][info][gc,start    ] GC(1) Pause Young (Normal) (G1 Evacuation Pause)
[0.280s][info][gc,task     ] GC(1) Using 7 workers of 8 for evacuation
[0.299s][info][gc,phases   ] GC(1)   Pre Evacuate Collection Set: 0.1ms
[0.299s][info][gc,phases   ] GC(1)   Merge Heap Roots: 0.2ms
[0.299s][info][gc,phases   ] GC(1)   Evacuate Collection Set: 18.1ms
[0.299s][info][gc,phases   ] GC(1)   Post Evacuate Collection Set: 0.4ms
[0.299s][info][gc,phases   ] GC(1)   Other: 0.2ms
[0.299s][info][gc,heap     ] GC(1) Eden regions: 5->0(6)
[0.299s][info][gc,heap     ] GC(1) Survivor regions: 2->1(1)
[0.299s][info][gc,heap     ] GC(1) Old regions: 9->15
[0.299s][info][gc,heap     ] GC(1) Archive regions: 2->2
[0.299s][info][gc,heap     ] GC(1) Humongous regions: 3->3
[0.299s][info][gc,metaspace] GC(1) Metaspace: 432K(4864K)->432K(4864K) NonClass: 401K(4352K)->401K(4352K) Class: 30K(512K)->30K(512K)
[0.299s][info][gc          ] GC(1) Pause Young (Normal) (G1 Evacuation Pause) 38M->39M(304M) 19.079ms
[0.299s][info][gc,cpu      ] GC(1) User=0.13s Sys=0.03s Real=0.02s
[0.321s][info][gc,start    ] GC(2) Pause Young (Normal) (G1 Evacuation Pause)
[0.321s][info][gc,task     ] GC(2) Using 7 workers of 8 for evacuation
[0.341s][info][gc,phases   ] GC(2)   Pre Evacuate Collection Set: 0.1ms
[0.341s][info][gc,phases   ] GC(2)   Merge Heap Roots: 0.2ms
[0.341s][info][gc,phases   ] GC(2)   Evacuate Collection Set: 19.0ms
[0.341s][info][gc,phases   ] GC(2)   Post Evacuate Collection Set: 0.4ms
[0.341s][info][gc,phases   ] GC(2)   Other: 0.2ms
[0.341s][info][gc,heap     ] GC(2) Eden regions: 6->0(7)
[0.341s][info][gc,heap     ] GC(2) Survivor regions: 1->1(1)
[0.341s][info][gc,heap     ] GC(2) Old regions: 15->22
[0.341s][info][gc,heap     ] GC(2) Archive regions: 2->2
[0.341s][info][gc,heap     ] GC(2) Humongous regions: 6->6
[0.341s][info][gc,metaspace] GC(2) Metaspace: 432K(4864K)->432K(4864K) NonClass: 401K(4352K)->401K(4352K) Class: 30K(512K)->30K(512K)
[0.341s][info][gc          ] GC(2) Pause Young (Normal) (G1 Evacuation Pause) 57M->59M(304M) 19.963ms
[0.341s][info][gc,cpu      ] GC(2) User=0.01s Sys=0.06s Real=0.02s
[0.357s][info][gc,start    ] GC(3) Pause Young (Normal) (G1 Evacuation Pause)
[0.357s][info][gc,task     ] GC(3) Using 7 workers of 8 for evacuation
[0.379s][info][gc,phases   ] GC(3)   Pre Evacuate Collection Set: 0.1ms
[0.379s][info][gc,phases   ] GC(3)   Merge Heap Roots: 0.2ms
[0.379s][info][gc,phases   ] GC(3)   Evacuate Collection Set: 21.9ms
[0.379s][info][gc,phases   ] GC(3)   Post Evacuate Collection Set: 0.4ms
[0.379s][info][gc,phases   ] GC(3)   Other: 0.2ms
[0.379s][info][gc,heap     ] GC(3) Eden regions: 7->0(9)
[0.379s][info][gc,heap     ] GC(3) Survivor regions: 1->1(1)
[0.379s][info][gc,heap     ] GC(3) Old regions: 22->30
[0.379s][info][gc,heap     ] GC(3) Archive regions: 2->2
[0.379s][info][gc,heap     ] GC(3) Humongous regions: 6->6
[0.379s][info][gc,metaspace] GC(3) Metaspace: 432K(4864K)->432K(4864K) NonClass: 401K(4352K)->401K(4352K) Class: 30K(512K)->30K(512K)
[0.379s][info][gc          ] GC(3) Pause Young (Normal) (G1 Evacuation Pause) 73M->74M(304M) 22.800ms
[0.379s][info][gc,cpu      ] GC(3) User=0.11s Sys=0.08s Real=0.02s
[0.423s][info][gc,start    ] GC(4) Pause Young (Normal) (G1 Evacuation Pause)
[0.423s][info][gc,task     ] GC(4) Using 7 workers of 8 for evacuation
[0.454s][info][gc,phases   ] GC(4)   Pre Evacuate Collection Set: 0.1ms
[0.454s][info][gc,phases   ] GC(4)   Merge Heap Roots: 0.2ms
[0.454s][info][gc,phases   ] GC(4)   Evacuate Collection Set: 24.0ms
[0.454s][info][gc,phases   ] GC(4)   Post Evacuate Collection Set: 6.1ms
[0.454s][info][gc,phases   ] GC(4)   Other: 0.1ms
[0.454s][info][gc,heap     ] GC(4) Eden regions: 9->0(20)
[0.454s][info][gc,heap     ] GC(4) Survivor regions: 1->2(2)
[0.454s][info][gc,heap     ] GC(4) Old regions: 30->38
[0.454s][info][gc,heap     ] GC(4) Archive regions: 2->2
[0.454s][info][gc,heap     ] GC(4) Humongous regions: 11->11
[0.454s][info][gc,metaspace] GC(4) Metaspace: 432K(4864K)->432K(4864K) NonClass: 401K(4352K)->401K(4352K) Class: 30K(512K)->30K(512K)
[0.454s][info][gc          ] GC(4) Pause Young (Normal) (G1 Evacuation Pause) 102M->103M(912M) 30.660ms
[0.454s][info][gc,cpu      ] GC(4) User=0.11s Sys=0.05s Real=0.04s
[0.534s][info][gc,start    ] GC(5) Pause Young (Normal) (G1 Evacuation Pause)
[0.534s][info][gc,task     ] GC(5) Using 8 workers of 8 for evacuation
[0.603s][info][gc,phases   ] GC(5)   Pre Evacuate Collection Set: 0.1ms
[0.603s][info][gc,phases   ] GC(5)   Merge Heap Roots: 0.3ms
[0.603s][info][gc,phases   ] GC(5)   Evacuate Collection Set: 67.9ms
[0.603s][info][gc,phases   ] GC(5)   Post Evacuate Collection Set: 0.4ms
[0.603s][info][gc,phases   ] GC(5)   Other: 0.4ms
[0.603s][info][gc,heap     ] GC(5) Eden regions: 20->0(19)
[0.603s][info][gc,heap     ] GC(5) Survivor regions: 2->3(3)
[0.603s][info][gc,heap     ] GC(5) Old regions: 38->58
[0.603s][info][gc,heap     ] GC(5) Archive regions: 2->2
[0.603s][info][gc,heap     ] GC(5) Humongous regions: 11->11
[0.603s][info][gc,metaspace] GC(5) Metaspace: 432K(4864K)->432K(4864K) NonClass: 401K(4352K)->401K(4352K) Class: 30K(512K)->30K(512K)
[0.603s][info][gc          ] GC(5) Pause Young (Normal) (G1 Evacuation Pause) 143M->144M(912M) 69.163ms
[0.603s][info][gc,cpu      ] GC(5) User=0.17s Sys=0.22s Real=0.06s
[0.717s][info][gc,start    ] GC(6) Pause Young (Normal) (G1 Evacuation Pause)
[0.717s][info][gc,task     ] GC(6) Using 8 workers of 8 for evacuation
[0.780s][info][gc,phases   ] GC(6)   Pre Evacuate Collection Set: 0.1ms
[0.780s][info][gc,phases   ] GC(6)   Merge Heap Roots: 0.4ms
[0.780s][info][gc,phases   ] GC(6)   Evacuate Collection Set: 62.0ms
[0.780s][info][gc,phases   ] GC(6)   Post Evacuate Collection Set: 0.5ms
[0.780s][info][gc,phases   ] GC(6)   Other: 0.2ms
[0.780s][info][gc,heap     ] GC(6) Eden regions: 19->0(19)
[0.780s][info][gc,heap     ] GC(6) Survivor regions: 3->3(3)
[0.780s][info][gc,heap     ] GC(6) Old regions: 58->79
[0.780s][info][gc,heap     ] GC(6) Archive regions: 2->2
[0.780s][info][gc,heap     ] GC(6) Humongous regions: 20->20
[0.780s][info][gc,metaspace] GC(6) Metaspace: 432K(4864K)->432K(4864K) NonClass: 401K(4352K)->401K(4352K) Class: 30K(512K)->30K(512K)
[0.780s][info][gc          ] GC(6) Pause Young (Normal) (G1 Evacuation Pause) 200M->204M(912M) 63.302ms
[0.780s][info][gc,cpu      ] GC(6) User=0.23s Sys=0.09s Real=0.06s
[0.816s][info][gc,start    ] GC(7) Pause Young (Normal) (G1 Evacuation Pause)
[0.816s][info][gc,task     ] GC(7) Using 8 workers of 8 for evacuation
[0.871s][info][gc,phases   ] GC(7)   Pre Evacuate Collection Set: 0.1ms
[0.871s][info][gc,phases   ] GC(7)   Merge Heap Roots: 0.2ms
[0.871s][info][gc,phases   ] GC(7)   Evacuate Collection Set: 53.5ms
[0.871s][info][gc,phases   ] GC(7)   Post Evacuate Collection Set: 0.2ms
[0.871s][info][gc,phases   ] GC(7)   Other: 0.2ms
[0.871s][info][gc,heap     ] GC(7) Eden regions: 19->0(19)
[0.871s][info][gc,heap     ] GC(7) Survivor regions: 3->3(3)
[0.871s][info][gc,heap     ] GC(7) Old regions: 79->99
[0.871s][info][gc,heap     ] GC(7) Archive regions: 2->2
[0.871s][info][gc,heap     ] GC(7) Humongous regions: 20->20
[0.871s][info][gc,metaspace] GC(7) Metaspace: 432K(4864K)->432K(4864K) NonClass: 401K(4352K)->401K(4352K) Class: 30K(512K)->30K(512K)
[0.871s][info][gc          ] GC(7) Pause Young (Normal) (G1 Evacuation Pause) 242M->245M(912M) 54.344ms
[0.871s][info][gc,cpu      ] GC(7) User=0.14s Sys=0.18s Real=0.05s
[0.918s][info][gc,start    ] GC(8) Pause Young (Normal) (G1 Evacuation Pause)
[0.918s][info][gc,task     ] GC(8) Using 8 workers of 8 for evacuation
[0.977s][info][gc,phases   ] GC(8)   Pre Evacuate Collection Set: 0.1ms
[0.977s][info][gc,phases   ] GC(8)   Merge Heap Roots: 0.3ms
[0.977s][info][gc,phases   ] GC(8)   Evacuate Collection Set: 50.2ms
[0.977s][info][gc,phases   ] GC(8)   Post Evacuate Collection Set: 8.5ms
[0.977s][info][gc,phases   ] GC(8)   Other: 0.1ms
[0.977s][info][gc,heap     ] GC(8) Eden regions: 19->0(40)
[0.977s][info][gc,heap     ] GC(8) Survivor regions: 3->3(3)
[0.977s][info][gc,heap     ] GC(8) Old regions: 99->119
[0.977s][info][gc,heap     ] GC(8) Archive regions: 2->2
[0.977s][info][gc,heap     ] GC(8) Humongous regions: 20->20
[0.977s][info][gc,metaspace] GC(8) Metaspace: 434K(4864K)->434K(4864K) NonClass: 404K(4352K)->404K(4352K) Class: 30K(512K)->30K(512K)
[0.977s][info][gc          ] GC(8) Pause Young (Normal) (G1 Evacuation Pause) 283M->285M(1748M) 59.231ms
[0.977s][info][gc,cpu      ] GC(8) User=0.17s Sys=0.14s Real=0.06s
[1.209s][info][gc,start    ] GC(9) Pause Young (Normal) (G1 Evacuation Pause)
[1.209s][info][gc,task     ] GC(9) Using 8 workers of 8 for evacuation
[1.249s][info][gc,phases   ] GC(9)   Pre Evacuate Collection Set: 0.1ms
[1.249s][info][gc,phases   ] GC(9)   Merge Heap Roots: 0.4ms
[1.249s][info][gc,phases   ] GC(9)   Evacuate Collection Set: 38.9ms
[1.249s][info][gc,phases   ] GC(9)   Post Evacuate Collection Set: 0.6ms
[1.249s][info][gc,phases   ] GC(9)   Other: 0.2ms
[1.249s][info][gc,heap     ] GC(9) Eden regions: 40->0(37)
[1.249s][info][gc,heap     ] GC(9) Survivor regions: 3->6(6)
[1.249s][info][gc,heap     ] GC(9) Old regions: 119->134
[1.249s][info][gc,heap     ] GC(9) Archive regions: 2->2
[1.249s][info][gc,heap     ] GC(9) Humongous regions: 20->20
[1.249s][info][gc,metaspace] GC(9) Metaspace: 444K(4864K)->444K(4864K) NonClass: 413K(4352K)->413K(4352K) Class: 30K(512K)->30K(512K)
[1.249s][info][gc          ] GC(9) Pause Young (Normal) (G1 Evacuation Pause) 365M->321M(1748M) 40.287ms
[1.249s][info][gc,cpu      ] GC(9) User=0.17s Sys=0.03s Real=0.04s
[1.367s][info][gc,start    ] GC(10) Pause Young (Normal) (G1 Evacuation Pause)
[1.367s][info][gc,task     ] GC(10) Using 8 workers of 8 for evacuation
[1.385s][info][gc,phases   ] GC(10)   Pre Evacuate Collection Set: 0.1ms
[1.385s][info][gc,phases   ] GC(10)   Merge Heap Roots: 0.2ms
[1.385s][info][gc,phases   ] GC(10)   Evacuate Collection Set: 17.4ms
[1.385s][info][gc,phases   ] GC(10)   Post Evacuate Collection Set: 0.4ms
[1.385s][info][gc,phases   ] GC(10)   Other: 0.2ms
[1.385s][info][gc,heap     ] GC(10) Eden regions: 37->0(45)
[1.385s][info][gc,heap     ] GC(10) Survivor regions: 6->1(6)
[1.385s][info][gc,heap     ] GC(10) Old regions: 134->142
[1.385s][info][gc,heap     ] GC(10) Archive regions: 2->2
[1.385s][info][gc,heap     ] GC(10) Humongous regions: 20->20
[1.385s][info][gc,metaspace] GC(10) Metaspace: 444K(4864K)->444K(4864K) NonClass: 413K(4352K)->413K(4352K) Class: 30K(512K)->30K(512K)
[1.385s][info][gc          ] GC(10) Pause Young (Normal) (G1 Evacuation Pause) 395M->325M(1748M) 18.376ms
[1.385s][info][gc,cpu      ] GC(10) User=0.03s Sys=0.08s Real=0.02s
[1.498s][info][gc,start    ] GC(11) Pause Young (Normal) (G1 Evacuation Pause)
[1.498s][info][gc,task     ] GC(11) Using 8 workers of 8 for evacuation
[1.594s][info][gc,phases   ] GC(11)   Pre Evacuate Collection Set: 0.1ms
[1.594s][info][gc,phases   ] GC(11)   Merge Heap Roots: 0.2ms
[1.594s][info][gc,phases   ] GC(11)   Evacuate Collection Set: 95.3ms
[1.594s][info][gc,phases   ] GC(11)   Post Evacuate Collection Set: 0.2ms
[1.594s][info][gc,phases   ] GC(11)   Other: 0.3ms
[1.594s][info][gc,heap     ] GC(11) Eden regions: 45->0(518)
[1.594s][info][gc,heap     ] GC(11) Survivor regions: 1->6(6)
[1.594s][info][gc,heap     ] GC(11) Old regions: 142->166
[1.594s][info][gc,heap     ] GC(11) Archive regions: 2->2
[1.594s][info][gc,heap     ] GC(11) Humongous regions: 20->20
[1.594s][info][gc,metaspace] GC(11) Metaspace: 444K(4864K)->444K(4864K) NonClass: 413K(4352K)->413K(4352K) Class: 30K(512K)->30K(512K)
[1.594s][info][gc          ] GC(11) Pause Young (Normal) (G1 Evacuation Pause) 415M->385M(1748M) 96.217ms
[1.594s][info][gc,cpu      ] GC(11) User=0.19s Sys=0.28s Real=0.10s
[1.897s][info][gc,start    ] GC(12) Pause Young (Normal) (G1 Evacuation Pause)
[1.897s][info][gc,task     ] GC(12) Using 8 workers of 8 for evacuation
[2.181s][info][gc,phases   ] GC(12)   Pre Evacuate Collection Set: 0.1ms
[2.181s][info][gc,phases   ] GC(12)   Merge Heap Roots: 0.6ms
[2.181s][info][gc,phases   ] GC(12)   Evacuate Collection Set: 278.1ms
[2.181s][info][gc,phases   ] GC(12)   Post Evacuate Collection Set: 5.1ms
[2.181s][info][gc,phases   ] GC(12)   Other: 0.2ms
[2.181s][info][gc,heap     ] GC(12) Eden regions: 96->0(43)
[2.181s][info][gc,heap     ] GC(12) Survivor regions: 6->13(13)
[2.181s][info][gc,heap     ] GC(12) Old regions: 166->257
[2.181s][info][gc,heap     ] GC(12) Archive regions: 2->2
[2.181s][info][gc,heap     ] GC(12) Humongous regions: 20->20
[2.181s][info][gc,metaspace] GC(12) Metaspace: 448K(4864K)->448K(4864K) NonClass: 417K(4352K)->417K(4352K) Class: 30K(512K)->30K(512K)
[2.181s][info][gc          ] GC(12) Pause Young (Normal) (G1 Evacuation Pause) 577M->581M(2250M) 284.248ms
[2.181s][info][gc,cpu      ] GC(12) User=0.65s Sys=0.68s Real=0.28s
[2.399s][info][gc,start    ] GC(13) Pause Young (Normal) (G1 Evacuation Pause)
[2.399s][info][gc,task     ] GC(13) Using 8 workers of 8 for evacuation
[2.429s][info][gc,phases   ] GC(13)   Pre Evacuate Collection Set: 0.2ms
[2.429s][info][gc,phases   ] GC(13)   Merge Heap Roots: 0.2ms
[2.429s][info][gc,phases   ] GC(13)   Evacuate Collection Set: 29.0ms
[2.429s][info][gc,phases   ] GC(13)   Post Evacuate Collection Set: 0.5ms
[2.429s][info][gc,phases   ] GC(13)   Other: 0.2ms
[2.429s][info][gc,heap     ] GC(13) Eden regions: 43->0(59)
[2.429s][info][gc,heap     ] GC(13) Survivor regions: 13->1(7)
[2.429s][info][gc,heap     ] GC(13) Old regions: 257->269
[2.429s][info][gc,heap     ] GC(13) Archive regions: 2->2
[2.429s][info][gc,heap     ] GC(13) Humongous regions: 20->20
[2.429s][info][gc,metaspace] GC(13) Metaspace: 448K(4864K)->448K(4864K) NonClass: 417K(4352K)->417K(4352K) Class: 30K(512K)->30K(512K)
[2.429s][info][gc          ] GC(13) Pause Young (Normal) (G1 Evacuation Pause) 667M->580M(2250M) 30.052ms
[2.429s][info][gc,cpu      ] GC(13) User=0.08s Sys=0.07s Real=0.03s
[2.592s][info][gc,start    ] GC(14) Pause Young (Normal) (G1 Evacuation Pause)
[2.592s][info][gc,task     ] GC(14) Using 8 workers of 8 for evacuation
[2.686s][info][gc,phases   ] GC(14)   Pre Evacuate Collection Set: 0.1ms
[2.686s][info][gc,phases   ] GC(14)   Merge Heap Roots: 0.2ms
[2.686s][info][gc,phases   ] GC(14)   Evacuate Collection Set: 93.5ms
[2.686s][info][gc,phases   ] GC(14)   Post Evacuate Collection Set: 0.6ms
[2.686s][info][gc,phases   ] GC(14)   Other: 0.2ms
[2.686s][info][gc,heap     ] GC(14) Eden regions: 59->0(58)
[2.686s][info][gc,heap     ] GC(14) Survivor regions: 1->8(8)
[2.686s][info][gc,heap     ] GC(14) Old regions: 269->289
[2.686s][info][gc,heap     ] GC(14) Archive regions: 2->2
[2.686s][info][gc,heap     ] GC(14) Humongous regions: 20->20
[2.686s][info][gc,metaspace] GC(14) Metaspace: 448K(4864K)->448K(4864K) NonClass: 417K(4352K)->417K(4352K) Class: 30K(512K)->30K(512K)
[2.686s][info][gc          ] GC(14) Pause Young (Normal) (G1 Evacuation Pause) 698M->635M(2250M) 94.655ms
[2.686s][info][gc,cpu      ] GC(14) User=0.19s Sys=0.19s Real=0.10s
[2.778s][info][gc,start    ] GC(15) Pause Young (Normal) (G1 Evacuation Pause)
[2.778s][info][gc,task     ] GC(15) Using 8 workers of 8 for evacuation
[2.958s][info][gc,phases   ] GC(15)   Pre Evacuate Collection Set: 0.1ms
[2.958s][info][gc,phases   ] GC(15)   Merge Heap Roots: 0.3ms
[2.958s][info][gc,phases   ] GC(15)   Evacuate Collection Set: 178.8ms
[2.958s][info][gc,phases   ] GC(15)   Post Evacuate Collection Set: 0.3ms
[2.958s][info][gc,phases   ] GC(15)   Other: 0.2ms
[2.958s][info][gc,heap     ] GC(15) Eden regions: 58->0(47)
[2.958s][info][gc,heap     ] GC(15) Survivor regions: 8->9(9)
[2.958s][info][gc,heap     ] GC(15) Old regions: 289->348
[2.958s][info][gc,heap     ] GC(15) Archive regions: 2->2
[2.958s][info][gc,heap     ] GC(15) Humongous regions: 20->20
[2.958s][info][gc,metaspace] GC(15) Metaspace: 448K(4864K)->448K(4864K) NonClass: 417K(4352K)->417K(4352K) Class: 30K(512K)->30K(512K)
[2.958s][info][gc          ] GC(15) Pause Young (Normal) (G1 Evacuation Pause) 751M->755M(2250M) 179.777ms
[2.958s][info][gc,cpu      ] GC(15) User=0.52s Sys=0.37s Real=0.18s
[3.079s][info][gc,start    ] GC(16) Pause Young (Normal) (G1 Evacuation Pause)
[3.079s][info][gc,task     ] GC(16) Using 8 workers of 8 for evacuation
[3.207s][info][gc,phases   ] GC(16)   Pre Evacuate Collection Set: 0.1ms
[3.207s][info][gc,phases   ] GC(16)   Merge Heap Roots: 0.5ms
[3.207s][info][gc,phases   ] GC(16)   Evacuate Collection Set: 124.0ms
[3.207s][info][gc,phases   ] GC(16)   Post Evacuate Collection Set: 3.4ms
[3.207s][info][gc,phases   ] GC(16)   Other: 0.2ms
[3.207s][info][gc,heap     ] GC(16) Eden regions: 47->0(56)
[3.207s][info][gc,heap     ] GC(16) Survivor regions: 9->7(7)
[3.207s][info][gc,heap     ] GC(16) Old regions: 348->394
[3.207s][info][gc,heap     ] GC(16) Archive regions: 2->2
[3.207s][info][gc,heap     ] GC(16) Humongous regions: 20->20
[3.207s][info][gc,metaspace] GC(16) Metaspace: 448K(4864K)->448K(4864K) NonClass: 417K(4352K)->417K(4352K) Class: 30K(512K)->30K(512K)
[3.207s][info][gc          ] GC(16) Pause Young (Normal) (G1 Evacuation Pause) 849M->842M(2550M) 128.366ms
[3.207s][info][gc,cpu      ] GC(16) User=0.34s Sys=0.36s Real=0.13s
[3.513s][info][gc,start    ] GC(17) Pause Young (Normal) (G1 Evacuation Pause)
[3.513s][info][gc,task     ] GC(17) Using 8 workers of 8 for evacuation
[3.533s][info][gc,phases   ] GC(17)   Pre Evacuate Collection Set: 0.2ms
[3.533s][info][gc,phases   ] GC(17)   Merge Heap Roots: 0.2ms
[3.533s][info][gc,phases   ] GC(17)   Evacuate Collection Set: 19.1ms
[3.533s][info][gc,phases   ] GC(17)   Post Evacuate Collection Set: 0.4ms
[3.533s][info][gc,phases   ] GC(17)   Other: 0.1ms
[3.533s][info][gc,heap     ] GC(17) Eden regions: 56->0(76)
[3.533s][info][gc,heap     ] GC(17) Survivor regions: 7->1(8)
[3.533s][info][gc,heap     ] GC(17) Old regions: 394->402
[3.533s][info][gc,heap     ] GC(17) Archive regions: 2->2
[3.533s][info][gc,heap     ] GC(17) Humongous regions: 20->20
[3.533s][info][gc,metaspace] GC(17) Metaspace: 451K(4864K)->451K(4864K) NonClass: 420K(4352K)->420K(4352K) Class: 30K(512K)->30K(512K)
[3.533s][info][gc          ] GC(17) Pause Young (Normal) (G1 Evacuation Pause) 954M->846M(2550M) 20.146ms
[3.533s][info][gc,cpu      ] GC(17) User=0.05s Sys=0.05s Real=0.02s
[3.738s][info][gc,start    ] GC(18) Pause Young (Normal) (G1 Evacuation Pause)
[3.738s][info][gc,task     ] GC(18) Using 8 workers of 8 for evacuation
[3.855s][info][gc,phases   ] GC(18)   Pre Evacuate Collection Set: 0.2ms
[3.856s][info][gc,phases   ] GC(18)   Merge Heap Roots: 0.5ms
[3.856s][info][gc,phases   ] GC(18)   Evacuate Collection Set: 116.1ms
[3.856s][info][gc,phases   ] GC(18)   Post Evacuate Collection Set: 0.3ms
[3.856s][info][gc,phases   ] GC(18)   Other: 0.2ms
[3.856s][info][gc,heap     ] GC(18) Eden regions: 76->0(66)
[3.856s][info][gc,heap     ] GC(18) Survivor regions: 1->10(10)
[3.856s][info][gc,heap     ] GC(18) Old regions: 402->455
[3.856s][info][gc,heap     ] GC(18) Archive regions: 2->2
[3.856s][info][gc,heap     ] GC(18) Humongous regions: 20->20
[3.856s][info][gc,metaspace] GC(18) Metaspace: 451K(4864K)->451K(4864K) NonClass: 420K(4352K)->420K(4352K) Class: 30K(512K)->30K(512K)
[3.856s][info][gc          ] GC(18) Pause Young (Normal) (G1 Evacuation Pause) 998M->971M(2550M) 117.365ms
[3.856s][info][gc,cpu      ] GC(18) User=0.34s Sys=0.22s Real=0.12s
[4.007s][info][gc,start    ] GC(19) Pause Young (Normal) (G1 Evacuation Pause)
[4.007s][info][gc,task     ] GC(19) Using 8 workers of 8 for evacuation
[4.198s][info][gc,phases   ] GC(19)   Pre Evacuate Collection Set: 0.1ms
[4.198s][info][gc,phases   ] GC(19)   Merge Heap Roots: 0.5ms
[4.198s][info][gc,phases   ] GC(19)   Evacuate Collection Set: 189.7ms
[4.198s][info][gc,phases   ] GC(19)   Post Evacuate Collection Set: 0.3ms
[4.198s][info][gc,phases   ] GC(19)   Other: 0.2ms
[4.198s][info][gc,heap     ] GC(19) Eden regions: 66->0(53)
[4.198s][info][gc,heap     ] GC(19) Survivor regions: 10->10(10)
[4.198s][info][gc,heap     ] GC(19) Old regions: 455->521
[4.198s][info][gc,heap     ] GC(19) Archive regions: 2->2
[4.198s][info][gc,heap     ] GC(19) Humongous regions: 20->20
[4.198s][info][gc,metaspace] GC(19) Metaspace: 451K(4864K)->451K(4864K) NonClass: 420K(4352K)->420K(4352K) Class: 30K(512K)->30K(512K)
[4.198s][info][gc          ] GC(19) Pause Young (Normal) (G1 Evacuation Pause) 1103M->1102M(2550M) 190.955ms
[4.198s][info][gc,cpu      ] GC(19) User=0.39s Sys=0.40s Real=0.19s
[4.358s][info][gc,start    ] GC(20) Pause Young (Normal) (G1 Evacuation Pause)
[4.358s][info][gc,task     ] GC(20) Using 8 workers of 8 for evacuation
[4.386s][info][gc,phases   ] GC(20)   Pre Evacuate Collection Set: 0.1ms
[4.386s][info][gc,phases   ] GC(20)   Merge Heap Roots: 0.2ms
[4.386s][info][gc,phases   ] GC(20)   Evacuate Collection Set: 26.8ms
[4.386s][info][gc,phases   ] GC(20)   Post Evacuate Collection Set: 0.5ms
[4.386s][info][gc,phases   ] GC(20)   Other: 0.2ms
[4.386s][info][gc,heap     ] GC(20) Eden regions: 53->0(93)
[4.386s][info][gc,heap     ] GC(20) Survivor regions: 10->1(8)
[4.386s][info][gc,heap     ] GC(20) Old regions: 521->533
[4.386s][info][gc,heap     ] GC(20) Archive regions: 2->2
[4.386s][info][gc,heap     ] GC(20) Humongous regions: 20->20
[4.386s][info][gc,metaspace] GC(20) Metaspace: 451K(4864K)->451K(4864K) NonClass: 421K(4352K)->421K(4352K) Class: 30K(512K)->30K(512K)
[4.386s][info][gc          ] GC(20) Pause Young (Normal) (G1 Evacuation Pause) 1208M->1107M(2550M) 27.986ms
[4.386s][info][gc,cpu      ] GC(20) User=0.11s Sys=0.08s Real=0.03s
[4.574s][info][gc,start    ] GC(21) Pause Young (Normal) (G1 Evacuation Pause)
[4.574s][info][gc,task     ] GC(21) Using 8 workers of 8 for evacuation
[4.797s][info][gc,phases   ] GC(21)   Pre Evacuate Collection Set: 0.1ms
[4.797s][info][gc,phases   ] GC(21)   Merge Heap Roots: 0.4ms
[4.797s][info][gc,phases   ] GC(21)   Evacuate Collection Set: 219.7ms
[4.797s][info][gc,phases   ] GC(21)   Post Evacuate Collection Set: 2.7ms
[4.797s][info][gc,phases   ] GC(21)   Other: 0.2ms
[4.797s][info][gc,heap     ] GC(21) Eden regions: 93->0(60)
[4.797s][info][gc,heap     ] GC(21) Survivor regions: 1->12(12)
[4.797s][info][gc,heap     ] GC(21) Old regions: 533->595
[4.797s][info][gc,heap     ] GC(21) Archive regions: 2->2
[4.797s][info][gc,heap     ] GC(21) Humongous regions: 20->20
[4.797s][info][gc,metaspace] GC(21) Metaspace: 451K(4864K)->451K(4864K) NonClass: 421K(4352K)->421K(4352K) Class: 30K(512K)->30K(512K)
[4.797s][info][gc          ] GC(21) Pause Young (Normal) (G1 Evacuation Pause) 1293M->1254M(2730M) 223.183ms
[4.797s][info][gc,cpu      ] GC(21) User=0.50s Sys=0.60s Real=0.22s
[5.080s][info][gc,start    ] GC(22) Pause Young (Concurrent Start) (G1 Evacuation Pause)
[5.080s][info][gc,task     ] GC(22) Using 8 workers of 8 for evacuation
[5.255s][info][gc,phases   ] GC(22)   Pre Evacuate Collection Set: 0.1ms
[5.255s][info][gc,phases   ] GC(22)   Merge Heap Roots: 0.5ms
[5.255s][info][gc,phases   ] GC(22)   Evacuate Collection Set: 174.0ms
[5.255s][info][gc,phases   ] GC(22)   Post Evacuate Collection Set: 0.4ms
[5.255s][info][gc,phases   ] GC(22)   Other: 0.3ms
[5.255s][info][gc,heap     ] GC(22) Eden regions: 60->0(59)
[5.255s][info][gc,heap     ] GC(22) Survivor regions: 12->9(9)
[5.255s][info][gc,heap     ] GC(22) Old regions: 595->652
[5.255s][info][gc,heap     ] GC(22) Archive regions: 2->2
[5.255s][info][gc,heap     ] GC(22) Humongous regions: 20->20
[5.255s][info][gc,metaspace] GC(22) Metaspace: 453K(4864K)->453K(4864K) NonClass: 423K(4352K)->423K(4352K) Class: 30K(512K)->30K(512K)
[5.255s][info][gc          ] GC(22) Pause Young (Concurrent Start) (G1 Evacuation Pause) 1374M->1362M(2730M) 175.454ms
[5.255s][info][gc,cpu      ] GC(22) User=0.41s Sys=0.43s Real=0.18s
[5.255s][info][gc          ] GC(23) Concurrent Cycle
[5.288s][info][gc,task     ] GC(23) Using 2 workers of 2 for marking
[5.445s][info][gc,start    ] GC(23) Pause Remark
[5.508s][info][gc          ] GC(23) Pause Remark 1458M->432M(1454M) 62.912ms
[5.508s][info][gc,cpu      ] GC(23) User=0.00s Sys=0.07s Real=0.06s
[5.558s][info][gc,start    ] GC(24) Pause Young (Normal) (G1 Evacuation Pause)
[5.558s][info][gc,task     ] GC(24) Using 8 workers of 8 for evacuation
[5.570s][info][gc,phases   ] GC(24)   Pre Evacuate Collection Set: 0.1ms
[5.570s][info][gc,phases   ] GC(24)   Merge Heap Roots: 0.2ms
[5.570s][info][gc,phases   ] GC(24)   Evacuate Collection Set: 10.8ms
[5.570s][info][gc,phases   ] GC(24)   Post Evacuate Collection Set: 0.4ms
[5.570s][info][gc,phases   ] GC(24)   Other: 0.3ms
[5.570s][info][gc,heap     ] GC(24) Eden regions: 59->0(76)
[5.570s][info][gc,heap     ] GC(24) Survivor regions: 9->1(9)
[5.570s][info][gc,heap     ] GC(24) Old regions: 150->160
[5.570s][info][gc,heap     ] GC(24) Archive regions: 2->2
[5.570s][info][gc,heap     ] GC(24) Humongous regions: 9->9
[5.570s][info][gc,metaspace] GC(24) Metaspace: 454K(4864K)->454K(4864K) NonClass: 423K(4352K)->423K(4352K) Class: 30K(512K)->30K(512K)
[5.570s][info][gc          ] GC(24) Pause Young (Normal) (G1 Evacuation Pause) 454M->338M(1454M) 11.826ms
[5.570s][info][gc,cpu      ] GC(24) User=0.11s Sys=0.01s Real=0.01s
[5.634s][info][gc,start    ] GC(23) Pause Cleanup
[5.635s][info][gc          ] GC(23) Pause Cleanup 397M->397M(1454M) 0.204ms
[5.635s][info][gc,cpu      ] GC(23) User=0.00s Sys=0.00s Real=0.00s
[5.653s][info][gc          ] GC(23) Concurrent Cycle 397.519ms
[5.702s][info][gc,start    ] GC(25) Pause Young (Normal) (G1 Evacuation Pause)
[5.702s][info][gc,task     ] GC(25) Using 8 workers of 8 for evacuation
[5.759s][info][gc,phases   ] GC(25)   Pre Evacuate Collection Set: 0.1ms
[5.759s][info][gc,phases   ] GC(25)   Merge Heap Roots: 0.3ms
[5.759s][info][gc,phases   ] GC(25)   Evacuate Collection Set: 55.8ms
[5.759s][info][gc,phases   ] GC(25)   Post Evacuate Collection Set: 0.8ms
[5.759s][info][gc,phases   ] GC(25)   Other: 0.1ms
[5.759s][info][gc,heap     ] GC(25) Eden regions: 76->0(83)
[5.759s][info][gc,heap     ] GC(25) Survivor regions: 1->10(10)
[5.759s][info][gc,heap     ] GC(25) Old regions: 160->216
[5.759s][info][gc,heap     ] GC(25) Archive regions: 2->2
[5.759s][info][gc,heap     ] GC(25) Humongous regions: 9->9
[5.759s][info][gc,metaspace] GC(25) Metaspace: 454K(4864K)->454K(4864K) NonClass: 423K(4352K)->423K(4352K) Class: 30K(512K)->30K(512K)
[5.759s][info][gc          ] GC(25) Pause Young (Normal) (G1 Evacuation Pause) 490M->469M(1454M) 57.201ms
[5.759s][info][gc,cpu      ] GC(25) User=0.42s Sys=0.02s Real=0.06s
[5.969s][info][gc,start    ] GC(26) Pause Young (Normal) (G1 Evacuation Pause)
[5.969s][info][gc,task     ] GC(26) Using 8 workers of 8 for evacuation
[6.035s][info][gc,phases   ] GC(26)   Pre Evacuate Collection Set: 0.1ms
[6.035s][info][gc,phases   ] GC(26)   Merge Heap Roots: 0.6ms
[6.035s][info][gc,phases   ] GC(26)   Evacuate Collection Set: 64.0ms
[6.035s][info][gc,phases   ] GC(26)   Post Evacuate Collection Set: 0.5ms
[6.035s][info][gc,phases   ] GC(26)   Other: 0.2ms
[6.035s][info][gc,heap     ] GC(26) Eden regions: 83->0(93)
[6.035s][info][gc,heap     ] GC(26) Survivor regions: 10->12(12)
[6.035s][info][gc,heap     ] GC(26) Old regions: 216->271
[6.035s][info][gc,heap     ] GC(26) Archive regions: 2->2
[6.035s][info][gc,heap     ] GC(26) Humongous regions: 9->9
[6.035s][info][gc,metaspace] GC(26) Metaspace: 454K(4864K)->454K(4864K) NonClass: 423K(4352K)->423K(4352K) Class: 30K(512K)->30K(512K)
[6.035s][info][gc          ] GC(26) Pause Young (Normal) (G1 Evacuation Pause) 635M->583M(1454M) 65.507ms
[6.035s][info][gc,cpu      ] GC(26) User=0.53s Sys=0.03s Real=0.07s
[6.242s][info][gc,start    ] GC(27) Pause Young (Normal) (G1 Evacuation Pause)
[6.242s][info][gc,task     ] GC(27) Using 8 workers of 8 for evacuation
[6.286s][info][gc,phases   ] GC(27)   Pre Evacuate Collection Set: 0.1ms
[6.286s][info][gc,phases   ] GC(27)   Merge Heap Roots: 0.4ms
[6.286s][info][gc,phases   ] GC(27)   Evacuate Collection Set: 39.8ms
[6.286s][info][gc,phases   ] GC(27)   Post Evacuate Collection Set: 3.6ms
[6.286s][info][gc,phases   ] GC(27)   Other: 0.2ms
[6.286s][info][gc,heap     ] GC(27) Eden regions: 93->0(131)
[6.286s][info][gc,heap     ] GC(27) Survivor regions: 12->14(14)
[6.286s][info][gc,heap     ] GC(27) Old regions: 271->307
[6.286s][info][gc,heap     ] GC(27) Archive regions: 2->2
[6.286s][info][gc,heap     ] GC(27) Humongous regions: 9->9
[6.286s][info][gc,metaspace] GC(27) Metaspace: 454K(4864K)->454K(4864K) NonClass: 423K(4352K)->423K(4352K) Class: 30K(512K)->30K(512K)
[6.286s][info][gc          ] GC(27) Pause Young (Normal) (G1 Evacuation Pause) 769M->659M(2074M) 44.204ms
[6.286s][info][gc,cpu      ] GC(27) User=0.28s Sys=0.05s Real=0.05s
[6.728s][info][gc,start    ] GC(28) Pause Young (Normal) (G1 Evacuation Pause)
[6.728s][info][gc,task     ] GC(28) Using 8 workers of 8 for evacuation
[6.826s][info][gc,phases   ] GC(28)   Pre Evacuate Collection Set: 0.1ms
[6.826s][info][gc,phases   ] GC(28)   Merge Heap Roots: 0.7ms
[6.826s][info][gc,phases   ] GC(28)   Evacuate Collection Set: 96.0ms
[6.826s][info][gc,phases   ] GC(28)   Post Evacuate Collection Set: 0.6ms
[6.826s][info][gc,phases   ] GC(28)   Other: 0.2ms
[6.826s][info][gc,heap     ] GC(28) Eden regions: 131->0(176)
[6.826s][info][gc,heap     ] GC(28) Survivor regions: 14->19(19)
[6.826s][info][gc,heap     ] GC(28) Old regions: 307->352
[6.826s][info][gc,heap     ] GC(28) Archive regions: 2->2
[6.826s][info][gc,heap     ] GC(28) Humongous regions: 9->9
[6.826s][info][gc,metaspace] GC(28) Metaspace: 454K(4864K)->454K(4864K) NonClass: 423K(4352K)->423K(4352K) Class: 30K(512K)->30K(512K)
[6.826s][info][gc          ] GC(28) Pause Young (Normal) (G1 Evacuation Pause) 921M->759M(2074M) 97.694ms
[6.826s][info][gc,cpu      ] GC(28) User=0.36s Sys=0.09s Real=0.10s
[7.314s][info][gc,start    ] GC(29) Pause Young (Normal) (G1 Evacuation Pause)
[7.314s][info][gc,task     ] GC(29) Using 8 workers of 8 for evacuation
[7.456s][info][gc,phases   ] GC(29)   Pre Evacuate Collection Set: 0.2ms
[7.456s][info][gc,phases   ] GC(29)   Merge Heap Roots: 0.7ms
[7.456s][info][gc,phases   ] GC(29)   Evacuate Collection Set: 140.0ms
[7.456s][info][gc,phases   ] GC(29)   Post Evacuate Collection Set: 0.6ms
[7.456s][info][gc,phases   ] GC(29)   Other: 0.2ms
[7.456s][info][gc,heap     ] GC(29) Eden regions: 176->0(125)
[7.456s][info][gc,heap     ] GC(29) Survivor regions: 19->25(25)
[7.456s][info][gc,heap     ] GC(29) Old regions: 352->432
[7.456s][info][gc,heap     ] GC(29) Archive regions: 2->2
[7.456s][info][gc,heap     ] GC(29) Humongous regions: 9->9
[7.456s][info][gc,metaspace] GC(29) Metaspace: 456K(4864K)->456K(4864K) NonClass: 425K(4352K)->425K(4352K) Class: 30K(512K)->30K(512K)
[7.456s][info][gc          ] GC(29) Pause Young (Normal) (G1 Evacuation Pause) 1111M->931M(2074M) 141.652ms
[7.456s][info][gc,cpu      ] GC(29) User=0.78s Sys=0.23s Real=0.14s
[7.756s][info][gc,start    ] GC(30) Pause Young (Normal) (G1 Evacuation Pause)
[7.756s][info][gc,task     ] GC(30) Using 8 workers of 8 for evacuation
[7.823s][info][gc,phases   ] GC(30)   Pre Evacuate Collection Set: 0.2ms
[7.823s][info][gc,phases   ] GC(30)   Merge Heap Roots: 0.4ms
[7.823s][info][gc,phases   ] GC(30)   Evacuate Collection Set: 65.6ms
[7.824s][info][gc,phases   ] GC(30)   Post Evacuate Collection Set: 0.7ms
[7.824s][info][gc,phases   ] GC(30)   Other: 0.3ms
[7.824s][info][gc,heap     ] GC(30) Eden regions: 125->0(202)
[7.824s][info][gc,heap     ] GC(30) Survivor regions: 25->19(19)
[7.824s][info][gc,heap     ] GC(30) Old regions: 432->493
[7.824s][info][gc,heap     ] GC(30) Archive regions: 2->2
[7.824s][info][gc,heap     ] GC(30) Humongous regions: 9->9
[7.824s][info][gc,metaspace] GC(30) Metaspace: 456K(4864K)->456K(4864K) NonClass: 425K(4352K)->425K(4352K) Class: 30K(512K)->30K(512K)
[7.824s][info][gc          ] GC(30) Pause Young (Normal) (G1 Evacuation Pause) 1181M->1041M(2074M) 67.459ms
[7.824s][info][gc,cpu      ] GC(30) User=0.44s Sys=0.00s Real=0.07s
[8.261s][info][gc,start    ] GC(31) Pause Young (Concurrent Start) (G1 Evacuation Pause)
[8.261s][info][gc,task     ] GC(31) Using 8 workers of 8 for evacuation
[8.401s][info][gc,phases   ] GC(31)   Pre Evacuate Collection Set: 0.1ms
[8.401s][info][gc,phases   ] GC(31)   Merge Heap Roots: 0.8ms
[8.401s][info][gc,phases   ] GC(31)   Evacuate Collection Set: 137.5ms
[8.401s][info][gc,phases   ] GC(31)   Post Evacuate Collection Set: 1.7ms
[8.401s][info][gc,phases   ] GC(31)   Other: 0.2ms
[8.401s][info][gc,heap     ] GC(31) Eden regions: 202->0(177)
[8.401s][info][gc,heap     ] GC(31) Survivor regions: 19->28(28)
[8.401s][info][gc,heap     ] GC(31) Old regions: 493->559
[8.401s][info][gc,heap     ] GC(31) Archive regions: 2->2
[8.401s][info][gc,heap     ] GC(31) Humongous regions: 9->9
[8.401s][info][gc,metaspace] GC(31) Metaspace: 456K(4864K)->456K(4864K) NonClass: 425K(4352K)->425K(4352K) Class: 30K(512K)->30K(512K)
[8.401s][info][gc          ] GC(31) Pause Young (Concurrent Start) (G1 Evacuation Pause) 1445M->1192M(2334M) 140.369ms
[8.401s][info][gc,cpu      ] GC(31) User=0.63s Sys=0.27s Real=0.14s
[8.401s][info][gc          ] GC(32) Concurrent Cycle
[8.440s][info][gc,task     ] GC(32) Using 2 workers of 2 for marking
[8.481s][info][gc,start    ] GC(32) Pause Remark
[8.541s][info][gc          ] GC(32) Pause Remark 1266M->343M(1154M) 59.955ms
[8.541s][info][gc,cpu      ] GC(32) User=0.00s Sys=0.06s Real=0.06s
[8.620s][info][gc,start    ] GC(32) Pause Cleanup
[8.620s][info][gc          ] GC(32) Pause Cleanup 386M->386M(1154M) 0.209ms
[8.620s][info][gc,cpu      ] GC(32) User=0.00s Sys=0.00s Real=0.00s
[8.622s][info][gc          ] GC(32) Concurrent Cycle 221.383ms
[8.887s][info][gc,start    ] GC(33) Pause Young (Normal) (G1 Evacuation Pause)
[8.887s][info][gc,task     ] GC(33) Using 8 workers of 8 for evacuation
[8.951s][info][gc,phases   ] GC(33)   Pre Evacuate Collection Set: 0.1ms
[8.952s][info][gc,phases   ] GC(33)   Merge Heap Roots: 0.7ms
[8.952s][info][gc,phases   ] GC(33)   Evacuate Collection Set: 62.7ms
[8.952s][info][gc,phases   ] GC(33)   Post Evacuate Collection Set: 0.8ms
[8.952s][info][gc,phases   ] GC(33)   Other: 0.2ms
[8.952s][info][gc,heap     ] GC(33) Eden regions: 177->0(142)
[8.952s][info][gc,heap     ] GC(33) Survivor regions: 28->26(26)
[8.952s][info][gc,heap     ] GC(33) Old regions: 97->143
[8.952s][info][gc,heap     ] GC(33) Archive regions: 2->2
[8.952s][info][gc,heap     ] GC(33) Humongous regions: 9->9
[8.952s][info][gc,metaspace] GC(33) Metaspace: 456K(4864K)->456K(4864K) NonClass: 425K(4352K)->425K(4352K) Class: 30K(512K)->30K(512K)
[8.952s][info][gc          ] GC(33) Pause Young (Normal) (G1 Evacuation Pause) 623M->356M(1154M) 64.630ms
[8.952s][info][gc,cpu      ] GC(33) User=0.46s Sys=0.02s Real=0.06s
[9.282s][info][gc,start    ] GC(34) Pause Young (Normal) (G1 Evacuation Pause)
[9.283s][info][gc,task     ] GC(34) Using 8 workers of 8 for evacuation
[9.345s][info][gc,phases   ] GC(34)   Pre Evacuate Collection Set: 0.1ms
[9.345s][info][gc,phases   ] GC(34)   Merge Heap Roots: 0.8ms
[9.345s][info][gc,phases   ] GC(34)   Evacuate Collection Set: 61.1ms
[9.345s][info][gc,phases   ] GC(34)   Post Evacuate Collection Set: 0.6ms
[9.346s][info][gc,phases   ] GC(34)   Other: 0.2ms
[9.346s][info][gc,heap     ] GC(34) Eden regions: 142->0(128)
[9.346s][info][gc,heap     ] GC(34) Survivor regions: 26->21(21)
[9.346s][info][gc,heap     ] GC(34) Old regions: 143->179
[9.346s][info][gc,heap     ] GC(34) Archive regions: 2->2
[9.346s][info][gc,heap     ] GC(34) Humongous regions: 9->9
[9.346s][info][gc,metaspace] GC(34) Metaspace: 456K(4864K)->456K(4864K) NonClass: 425K(4352K)->425K(4352K) Class: 30K(512K)->30K(512K)
[9.346s][info][gc          ] GC(34) Pause Young (Normal) (G1 Evacuation Pause) 640M->419M(1154M) 63.142ms
[9.346s][info][gc,cpu      ] GC(34) User=0.45s Sys=0.00s Real=0.07s
[9.555s][info][gc,start    ] GC(35) Pause Young (Normal) (G1 Evacuation Pause)
[9.555s][info][gc,task     ] GC(35) Using 8 workers of 8 for evacuation
[9.654s][info][gc,phases   ] GC(35)   Pre Evacuate Collection Set: 0.1ms
[9.655s][info][gc,phases   ] GC(35)   Merge Heap Roots: 0.4ms
[9.655s][info][gc,phases   ] GC(35)   Evacuate Collection Set: 98.3ms
[9.655s][info][gc,phases   ] GC(35)   Post Evacuate Collection Set: 0.6ms
[9.655s][info][gc,phases   ] GC(35)   Other: 0.1ms
[9.655s][info][gc,heap     ] GC(35) Eden regions: 128->0(68)
[9.655s][info][gc,heap     ] GC(35) Survivor regions: 21->19(19)
[9.655s][info][gc,heap     ] GC(35) Old regions: 179->287
[9.655s][info][gc,heap     ] GC(35) Archive regions: 2->2
[9.655s][info][gc,heap     ] GC(35) Humongous regions: 9->9
[9.655s][info][gc,metaspace] GC(35) Metaspace: 456K(4864K)->456K(4864K) NonClass: 425K(4352K)->425K(4352K) Class: 30K(512K)->30K(512K)
[9.655s][info][gc          ] GC(35) Pause Young (Normal) (G1 Evacuation Pause) 675M->631M(1154M) 100.311ms
[9.655s][info][gc,cpu      ] GC(35) User=0.71s Sys=0.03s Real=0.10s
[9.862s][info][gc,start    ] GC(36) Pause Young (Concurrent Start) (G1 Evacuation Pause)
[9.862s][info][gc,task     ] GC(36) Using 8 workers of 8 for evacuation
[9.886s][info][gc,phases   ] GC(36)   Pre Evacuate Collection Set: 0.1ms
[9.887s][info][gc,phases   ] GC(36)   Merge Heap Roots: 0.3ms
[9.887s][info][gc,phases   ] GC(36)   Evacuate Collection Set: 21.0ms
[9.887s][info][gc,phases   ] GC(36)   Post Evacuate Collection Set: 2.8ms
[9.887s][info][gc,phases   ] GC(36)   Other: 0.3ms
[9.887s][info][gc,heap     ] GC(36) Eden regions: 68->0(161)
[9.887s][info][gc,heap     ] GC(36) Survivor regions: 19->11(11)
[9.887s][info][gc,heap     ] GC(36) Old regions: 287->296
[9.887s][info][gc,heap     ] GC(36) Archive regions: 2->2
[9.887s][info][gc,heap     ] GC(36) Humongous regions: 9->9
[9.887s][info][gc,metaspace] GC(36) Metaspace: 456K(4864K)->456K(4864K) NonClass: 425K(4352K)->425K(4352K) Class: 30K(512K)->30K(512K)
[9.887s][info][gc          ] GC(36) Pause Young (Concurrent Start) (G1 Evacuation Pause) 767M->633M(1646M) 24.577ms
[9.887s][info][gc,cpu      ] GC(36) User=0.11s Sys=0.00s Real=0.03s
[9.887s][info][gc          ] GC(37) Concurrent Cycle
[9.893s][info][gc,task     ] GC(37) Using 2 workers of 2 for marking
[9.969s][info][gc,start    ] GC(37) Pause Remark
[9.978s][info][gc          ] GC(37) Pause Remark 679M->369M(1240M) 9.052ms
[9.978s][info][gc,cpu      ] GC(37) User=0.05s Sys=0.00s Real=0.01s
[10.037s][info][gc,start    ] GC(37) Pause Cleanup
[10.037s][info][gc          ] GC(37) Pause Cleanup 401M->401M(1240M) 0.233ms
[10.037s][info][gc,cpu      ] GC(37) User=0.00s Sys=0.00s Real=0.00s
[10.040s][info][gc          ] GC(37) Concurrent Cycle 153.685ms
[10.397s][info][gc,start    ] GC(38) Pause Young (Prepare Mixed) (G1 Evacuation Pause)
[10.397s][info][gc,task     ] GC(38) Using 8 workers of 8 for evacuation
[10.486s][info][gc,phases   ] GC(38)   Pre Evacuate Collection Set: 0.1ms
[10.486s][info][gc,phases   ] GC(38)   Merge Heap Roots: 0.6ms
[10.486s][info][gc,phases   ] GC(38)   Evacuate Collection Set: 87.8ms
[10.486s][info][gc,phases   ] GC(38)   Post Evacuate Collection Set: 0.6ms
[10.486s][info][gc,phases   ] GC(38)   Other: 0.2ms
[10.486s][info][gc,heap     ] GC(38) Eden regions: 161->0(9)
[10.486s][info][gc,heap     ] GC(38) Survivor regions: 11->22(22)
[10.486s][info][gc,heap     ] GC(38) Old regions: 141->225
[10.486s][info][gc,heap     ] GC(38) Archive regions: 2->2
[10.486s][info][gc,heap     ] GC(38) Humongous regions: 9->9
[10.486s][info][gc,metaspace] GC(38) Metaspace: 456K(4864K)->456K(4864K) NonClass: 425K(4352K)->425K(4352K) Class: 30K(512K)->30K(512K)
[10.486s][info][gc          ] GC(38) Pause Young (Prepare Mixed) (G1 Evacuation Pause) 645M->512M(1240M) 89.657ms
[10.487s][info][gc,cpu      ] GC(38) User=0.59s Sys=0.01s Real=0.09s
[10.519s][info][gc,start    ] GC(39) Pause Young (Mixed) (G1 Evacuation Pause)
[10.519s][info][gc,task     ] GC(39) Using 8 workers of 8 for evacuation
[10.537s][info][gc,phases   ] GC(39)   Pre Evacuate Collection Set: 0.1ms
[10.537s][info][gc,phases   ] GC(39)   Merge Heap Roots: 0.3ms
[10.537s][info][gc,phases   ] GC(39)   Evacuate Collection Set: 16.9ms
[10.537s][info][gc,phases   ] GC(39)   Post Evacuate Collection Set: 0.4ms
[10.537s][info][gc,phases   ] GC(39)   Other: 0.1ms
[10.537s][info][gc,heap     ] GC(39) Eden regions: 9->0(30)
[10.537s][info][gc,heap     ] GC(39) Survivor regions: 22->1(4)
[10.537s][info][gc,heap     ] GC(39) Old regions: 225->184
[10.537s][info][gc,heap     ] GC(39) Archive regions: 2->2
[10.537s][info][gc,heap     ] GC(39) Humongous regions: 9->9
[10.537s][info][gc,metaspace] GC(39) Metaspace: 456K(4864K)->456K(4864K) NonClass: 425K(4352K)->425K(4352K) Class: 30K(512K)->30K(512K)
[10.537s][info][gc          ] GC(39) Pause Young (Mixed) (G1 Evacuation Pause) 530M->387M(1240M) 17.892ms
[10.537s][info][gc,cpu      ] GC(39) User=0.13s Sys=0.00s Real=0.02s
[10.630s][info][gc,start    ] GC(40) Pause Young (Mixed) (G1 Evacuation Pause)
[10.630s][info][gc,task     ] GC(40) Using 8 workers of 8 for evacuation
[10.640s][info][gc,phases   ] GC(40)   Pre Evacuate Collection Set: 0.1ms
[10.640s][info][gc,phases   ] GC(40)   Merge Heap Roots: 0.2ms
[10.640s][info][gc,phases   ] GC(40)   Evacuate Collection Set: 8.3ms
[10.640s][info][gc,phases   ] GC(40)   Post Evacuate Collection Set: 0.6ms
[10.640s][info][gc,phases   ] GC(40)   Other: 0.2ms
[10.640s][info][gc,heap     ] GC(40) Eden regions: 30->0(161)
[10.640s][info][gc,heap     ] GC(40) Survivor regions: 1->1(4)
[10.640s][info][gc,heap     ] GC(40) Old regions: 184->132
[10.640s][info][gc,heap     ] GC(40) Archive regions: 2->2
[10.640s][info][gc,heap     ] GC(40) Humongous regions: 9->9
[10.640s][info][gc,metaspace] GC(40) Metaspace: 456K(4864K)->456K(4864K) NonClass: 425K(4352K)->425K(4352K) Class: 30K(512K)->30K(512K)
[10.640s][info][gc          ] GC(40) Pause Young (Mixed) (G1 Evacuation Pause) 447M->284M(1240M) 9.634ms
[10.640s][info][gc,cpu      ] GC(40) User=0.00s Sys=0.00s Real=0.01s
[10.956s][info][gc,start    ] GC(41) Pause Young (Normal) (G1 Evacuation Pause)
[10.956s][info][gc,task     ] GC(41) Using 8 workers of 8 for evacuation
[11.042s][info][gc,phases   ] GC(41)   Pre Evacuate Collection Set: 0.1ms
[11.042s][info][gc,phases   ] GC(41)   Merge Heap Roots: 0.5ms
[11.042s][info][gc,phases   ] GC(41)   Evacuate Collection Set: 84.5ms
[11.042s][info][gc,phases   ] GC(41)   Post Evacuate Collection Set: 0.6ms
[11.042s][info][gc,phases   ] GC(41)   Other: 0.2ms
[11.042s][info][gc,heap     ] GC(41) Eden regions: 161->0(106)
[11.042s][info][gc,heap     ] GC(41) Survivor regions: 1->21(21)
[11.042s][info][gc,heap     ] GC(41) Old regions: 132->218
[11.042s][info][gc,heap     ] GC(41) Archive regions: 2->2
[11.042s][info][gc,heap     ] GC(41) Humongous regions: 9->9
[11.042s][info][gc,metaspace] GC(41) Metaspace: 456K(4864K)->456K(4864K) NonClass: 425K(4352K)->425K(4352K) Class: 30K(512K)->30K(512K)
[11.042s][info][gc          ] GC(41) Pause Young (Normal) (G1 Evacuation Pause) 606M->497M(1240M) 86.099ms
[11.042s][info][gc,cpu      ] GC(41) User=0.61s Sys=0.02s Real=0.08s
[11.280s][info][gc,start    ] GC(42) Pause Young (Normal) (G1 Evacuation Pause)
[11.280s][info][gc,task     ] GC(42) Using 8 workers of 8 for evacuation
[11.319s][info][gc,phases   ] GC(42)   Pre Evacuate Collection Set: 0.1ms
[11.319s][info][gc,phases   ] GC(42)   Merge Heap Roots: 0.3ms
[11.319s][info][gc,phases   ] GC(42)   Evacuate Collection Set: 37.9ms
[11.319s][info][gc,phases   ] GC(42)   Post Evacuate Collection Set: 0.6ms
[11.319s][info][gc,phases   ] GC(42)   Other: 0.2ms
[11.319s][info][gc,heap     ] GC(42) Eden regions: 106->0(99)
[11.319s][info][gc,heap     ] GC(42) Survivor regions: 21->16(16)
[11.319s][info][gc,heap     ] GC(42) Old regions: 218->252
[11.319s][info][gc,heap     ] GC(42) Archive regions: 2->2
[11.319s][info][gc,heap     ] GC(42) Humongous regions: 9->9
[11.319s][info][gc,metaspace] GC(42) Metaspace: 456K(4864K)->456K(4864K) NonClass: 425K(4352K)->425K(4352K) Class: 30K(512K)->30K(512K)
[11.320s][info][gc          ] GC(42) Pause Young (Normal) (G1 Evacuation Pause) 709M->555M(1240M) 39.212ms
[11.320s][info][gc,cpu      ] GC(42) User=0.36s Sys=0.00s Real=0.04s
[11.515s][info][gc,start    ] GC(43) Pause Young (Normal) (G1 Evacuation Pause)
[11.515s][info][gc,task     ] GC(43) Using 8 workers of 8 for evacuation
[11.588s][info][gc,phases   ] GC(43)   Pre Evacuate Collection Set: 0.1ms
[11.588s][info][gc,phases   ] GC(43)   Merge Heap Roots: 0.6ms
[11.588s][info][gc,phases   ] GC(43)   Evacuate Collection Set: 72.1ms
[11.588s][info][gc,phases   ] GC(43)   Post Evacuate Collection Set: 0.5ms
[11.588s][info][gc,phases   ] GC(43)   Other: 0.1ms
[11.588s][info][gc,heap     ] GC(43) Eden regions: 99->0(71)
[11.588s][info][gc,heap     ] GC(43) Survivor regions: 16->15(15)
[11.588s][info][gc,heap     ] GC(43) Old regions: 252->328
[11.588s][info][gc,heap     ] GC(43) Archive regions: 2->2
[11.588s][info][gc,heap     ] GC(43) Humongous regions: 9->9
[11.588s][info][gc,metaspace] GC(43) Metaspace: 456K(4864K)->456K(4864K) NonClass: 425K(4352K)->425K(4352K) Class: 30K(512K)->30K(512K)
[11.589s][info][gc          ] GC(43) Pause Young (Normal) (G1 Evacuation Pause) 753M->705M(1240M) 73.565ms
[11.589s][info][gc,cpu      ] GC(43) User=0.60s Sys=0.01s Real=0.07s
[11.773s][info][gc,start    ] GC(44) Pause Young (Concurrent Start) (G1 Evacuation Pause)
[11.773s][info][gc,task     ] GC(44) Using 8 workers of 8 for evacuation
[11.796s][info][gc,phases   ] GC(44)   Pre Evacuate Collection Set: 0.1ms
[11.796s][info][gc,phases   ] GC(44)   Merge Heap Roots: 0.3ms
[11.796s][info][gc,phases   ] GC(44)   Evacuate Collection Set: 20.1ms
[11.796s][info][gc,phases   ] GC(44)   Post Evacuate Collection Set: 2.4ms
[11.796s][info][gc,phases   ] GC(44)   Other: 0.2ms
[11.796s][info][gc,heap     ] GC(44) Eden regions: 71->0(151)
[11.796s][info][gc,heap     ] GC(44) Survivor regions: 15->11(11)
[11.796s][info][gc,heap     ] GC(44) Old regions: 328->339
[11.796s][info][gc,heap     ] GC(44) Archive regions: 2->2
[11.796s][info][gc,heap     ] GC(44) Humongous regions: 9->9
[11.796s][info][gc,metaspace] GC(44) Metaspace: 456K(4864K)->456K(4864K) NonClass: 425K(4352K)->425K(4352K) Class: 30K(512K)->30K(512K)
[11.796s][info][gc          ] GC(44) Pause Young (Concurrent Start) (G1 Evacuation Pause) 847M->718M(1630M) 23.235ms
[11.796s][info][gc,cpu      ] GC(44) User=0.13s Sys=0.00s Real=0.03s
[11.796s][info][gc          ] GC(45) Concurrent Cycle
[11.803s][info][gc,task     ] GC(45) Using 2 workers of 2 for marking
[11.843s][info][gc,start    ] GC(45) Pause Remark
[11.873s][info][gc          ] GC(45) Pause Remark 772M->278M(940M) 30.072ms
[11.873s][info][gc,cpu      ] GC(45) User=0.00s Sys=0.03s Real=0.03s
[11.927s][info][gc,start    ] GC(45) Pause Cleanup
[11.927s][info][gc          ] GC(45) Pause Cleanup 340M->340M(940M) 0.193ms
[11.927s][info][gc,cpu      ] GC(45) User=0.00s Sys=0.00s Real=0.00s
[11.929s][info][gc          ] GC(45) Concurrent Cycle 132.362ms
[12.114s][info][gc,start    ] GC(46) Pause Young (Prepare Mixed) (G1 Evacuation Pause)
[12.114s][info][gc,task     ] GC(46) Using 8 workers of 8 for evacuation
[12.172s][info][gc,phases   ] GC(46)   Pre Evacuate Collection Set: 0.1ms
[12.172s][info][gc,phases   ] GC(46)   Merge Heap Roots: 0.5ms
[12.172s][info][gc,phases   ] GC(46)   Evacuate Collection Set: 57.2ms
[12.201s][info][gc,phases   ] GC(46)   Post Evacuate Collection Set: 0.6ms
[12.201s][info][gc,phases   ] GC(46)   Other: 0.2ms
[12.201s][info][gc,heap     ] GC(46) Eden regions: 151->0(2)
[12.201s][info][gc,heap     ] GC(46) Survivor regions: 11->21(21)
[12.201s][info][gc,heap     ] GC(46) Old regions: 92->143
[12.201s][info][gc,heap     ] GC(46) Archive regions: 2->2
[12.201s][info][gc,heap     ] GC(46) Humongous regions: 9->9
[12.201s][info][gc,metaspace] GC(46) Metaspace: 456K(4864K)->456K(4864K) NonClass: 425K(4352K)->425K(4352K) Class: 30K(512K)->30K(512K)
[12.201s][info][gc          ] GC(46) Pause Young (Prepare Mixed) (G1 Evacuation Pause) 526M->345M(940M) 87.528ms
[12.201s][info][gc,cpu      ] GC(46) User=0.31s Sys=0.02s Real=0.08s
[12.207s][info][gc,start    ] GC(47) Pause Young (Mixed) (G1 Evacuation Pause)
[12.207s][info][gc,task     ] GC(47) Using 8 workers of 8 for evacuation
[12.227s][info][gc,phases   ] GC(47)   Pre Evacuate Collection Set: 0.1ms
[12.227s][info][gc,phases   ] GC(47)   Merge Heap Roots: 0.2ms
[12.227s][info][gc,phases   ] GC(47)   Evacuate Collection Set: 18.4ms
[12.227s][info][gc,phases   ] GC(47)   Post Evacuate Collection Set: 0.6ms
[12.227s][info][gc,phases   ] GC(47)   Other: 0.2ms
[12.227s][info][gc,heap     ] GC(47) Eden regions: 2->0(111)
[12.227s][info][gc,heap     ] GC(47) Survivor regions: 21->0(3)
[12.227s][info][gc,heap     ] GC(47) Old regions: 143->118
[12.227s][info][gc,heap     ] GC(47) Archive regions: 2->2
[12.227s][info][gc,heap     ] GC(47) Humongous regions: 9->9
[12.227s][info][gc,metaspace] GC(47) Metaspace: 456K(4864K)->456K(4864K) NonClass: 425K(4352K)->425K(4352K) Class: 30K(512K)->30K(512K)
[12.227s][info][gc          ] GC(47) Pause Young (Mixed) (G1 Evacuation Pause) 349M->253M(940M) 19.692ms
[12.227s][info][gc,cpu      ] GC(47) User=0.12s Sys=0.00s Real=0.02s
[12.442s][info][gc,start    ] GC(48) Pause Young (Normal) (G1 Evacuation Pause)
[12.442s][info][gc,task     ] GC(48) Using 8 workers of 8 for evacuation
[12.499s][info][gc,phases   ] GC(48)   Pre Evacuate Collection Set: 0.1ms
[12.499s][info][gc,phases   ] GC(48)   Merge Heap Roots: 0.2ms
[12.499s][info][gc,phases   ] GC(48)   Evacuate Collection Set: 56.6ms
[12.499s][info][gc,phases   ] GC(48)   Post Evacuate Collection Set: 0.5ms
[12.499s][info][gc,phases   ] GC(48)   Other: 0.2ms
[12.499s][info][gc,heap     ] GC(48) Eden regions: 111->0(76)
[12.499s][info][gc,heap     ] GC(48) Survivor regions: 0->14(14)
[12.499s][info][gc,heap     ] GC(48) Old regions: 118->179
[12.499s][info][gc,heap     ] GC(48) Archive regions: 2->2
[12.499s][info][gc,heap     ] GC(48) Humongous regions: 9->9
[12.499s][info][gc,metaspace] GC(48) Metaspace: 456K(4864K)->456K(4864K) NonClass: 425K(4352K)->425K(4352K) Class: 30K(512K)->30K(512K)
[12.499s][info][gc          ] GC(48) Pause Young (Normal) (G1 Evacuation Pause) 475M->404M(940M) 57.740ms
[12.500s][info][gc,cpu      ] GC(48) User=0.36s Sys=0.01s Real=0.06s
[12.673s][info][gc,start    ] GC(49) Pause Young (Normal) (G1 Evacuation Pause)
[12.673s][info][gc,task     ] GC(49) Using 8 workers of 8 for evacuation
[12.730s][info][gc,phases   ] GC(49)   Pre Evacuate Collection Set: 0.1ms
[12.730s][info][gc,phases   ] GC(49)   Merge Heap Roots: 0.5ms
[12.730s][info][gc,phases   ] GC(49)   Evacuate Collection Set: 53.9ms
[12.730s][info][gc,phases   ] GC(49)   Post Evacuate Collection Set: 2.3ms
[12.730s][info][gc,phases   ] GC(49)   Other: 0.2ms
[12.730s][info][gc,heap     ] GC(49) Eden regions: 76->0(129)
[12.730s][info][gc,heap     ] GC(49) Survivor regions: 14->12(12)
[12.730s][info][gc,heap     ] GC(49) Old regions: 179->228
[12.730s][info][gc,heap     ] GC(49) Archive regions: 2->2
[12.730s][info][gc,heap     ] GC(49) Humongous regions: 9->9
[12.730s][info][gc,metaspace] GC(49) Metaspace: 456K(4864K)->456K(4864K) NonClass: 425K(4352K)->425K(4352K) Class: 30K(512K)->30K(512K)
[12.730s][info][gc          ] GC(49) Pause Young (Normal) (G1 Evacuation Pause) 556M->498M(1352M) 57.093ms
[12.730s][info][gc,cpu      ] GC(49) User=0.50s Sys=0.00s Real=0.06s
[13.193s][info][gc,start    ] GC(50) Pause Young (Normal) (G1 Evacuation Pause)
[13.193s][info][gc,task     ] GC(50) Using 8 workers of 8 for evacuation
[13.283s][info][gc,phases   ] GC(50)   Pre Evacuate Collection Set: 0.1ms
[13.283s][info][gc,phases   ] GC(50)   Merge Heap Roots: 0.4ms
[13.283s][info][gc,phases   ] GC(50)   Evacuate Collection Set: 89.5ms
[13.283s][info][gc,phases   ] GC(50)   Post Evacuate Collection Set: 0.6ms
[13.283s][info][gc,phases   ] GC(50)   Other: 0.2ms
[13.283s][info][gc,heap     ] GC(50) Eden regions: 129->0(96)
[13.283s][info][gc,heap     ] GC(50) Survivor regions: 12->18(18)
[13.283s][info][gc,heap     ] GC(50) Old regions: 228->299
[13.283s][info][gc,heap     ] GC(50) Archive regions: 2->2
[13.283s][info][gc,heap     ] GC(50) Humongous regions: 9->9
[13.283s][info][gc,metaspace] GC(50) Metaspace: 456K(4864K)->456K(4864K) NonClass: 425K(4352K)->425K(4352K) Class: 30K(512K)->30K(512K)
[13.283s][info][gc          ] GC(50) Pause Young (Normal) (G1 Evacuation Pause) 756M->652M(1352M) 90.861ms
[13.284s][info][gc,cpu      ] GC(50) User=0.67s Sys=0.01s Real=0.10s
[13.523s][info][gc,start    ] GC(51) Pause Young (Concurrent Start) (G1 Evacuation Pause)
[13.523s][info][gc,task     ] GC(51) Using 8 workers of 8 for evacuation
[13.573s][info][gc,phases   ] GC(51)   Pre Evacuate Collection Set: 0.1ms
[13.573s][info][gc,phases   ] GC(51)   Merge Heap Roots: 0.6ms
[13.573s][info][gc,phases   ] GC(51)   Evacuate Collection Set: 48.5ms
[13.573s][info][gc,phases   ] GC(51)   Post Evacuate Collection Set: 0.7ms
[13.573s][info][gc,phases   ] GC(51)   Other: 0.2ms
[13.573s][info][gc,heap     ] GC(51) Eden regions: 96->0(87)
[13.573s][info][gc,heap     ] GC(51) Survivor regions: 18->15(15)
[13.573s][info][gc,heap     ] GC(51) Old regions: 299->337
[13.573s][info][gc,heap     ] GC(51) Archive regions: 2->2
[13.573s][info][gc,heap     ] GC(51) Humongous regions: 9->9
[13.573s][info][gc,metaspace] GC(51) Metaspace: 456K(4864K)->456K(4864K) NonClass: 425K(4352K)->425K(4352K) Class: 30K(512K)->30K(512K)
[13.574s][info][gc          ] GC(51) Pause Young (Concurrent Start) (G1 Evacuation Pause) 844M->721M(1352M) 50.218ms
[13.574s][info][gc,cpu      ] GC(51) User=0.38s Sys=0.00s Real=0.06s
[13.574s][info][gc          ] GC(52) Concurrent Cycle
[13.592s][info][gc,task     ] GC(52) Using 2 workers of 2 for marking
[13.629s][info][gc,start    ] GC(52) Pause Remark
[13.645s][info][gc          ] GC(52) Pause Remark 755M->352M(1188M) 15.915ms
[13.645s][info][gc,cpu      ] GC(52) User=0.00s Sys=0.02s Real=0.02s
[13.700s][info][gc,start    ] GC(52) Pause Cleanup
[13.700s][info][gc          ] GC(52) Pause Cleanup 390M->390M(1188M) 0.218ms
[13.700s][info][gc,cpu      ] GC(52) User=0.00s Sys=0.00s Real=0.00s
[13.704s][info][gc          ] GC(52) Concurrent Cycle 130.162ms
[13.851s][info][gc,start    ] GC(53) Pause Young (Prepare Mixed) (G1 Evacuation Pause)
[13.851s][info][gc,task     ] GC(53) Using 8 workers of 8 for evacuation
[13.920s][info][gc,phases   ] GC(53)   Pre Evacuate Collection Set: 0.1ms
[13.920s][info][gc,phases   ] GC(53)   Merge Heap Roots: 0.5ms
[13.920s][info][gc,phases   ] GC(53)   Evacuate Collection Set: 68.2ms
[13.920s][info][gc,phases   ] GC(53)   Post Evacuate Collection Set: 0.4ms
[13.920s][info][gc,phases   ] GC(53)   Other: 0.2ms
[13.920s][info][gc,heap     ] GC(53) Eden regions: 87->0(16)
[13.920s][info][gc,heap     ] GC(53) Survivor regions: 15->13(13)
[13.920s][info][gc,heap     ] GC(53) Old regions: 135->186
[13.920s][info][gc,heap     ] GC(53) Archive regions: 2->2
[13.920s][info][gc,heap     ] GC(53) Humongous regions: 9->9
[13.920s][info][gc,metaspace] GC(53) Metaspace: 456K(4864K)->456K(4864K) NonClass: 425K(4352K)->425K(4352K) Class: 30K(512K)->30K(512K)
[13.920s][info][gc          ] GC(53) Pause Young (Prepare Mixed) (G1 Evacuation Pause) 492M->416M(1188M) 69.469ms
[13.920s][info][gc,cpu      ] GC(53) User=0.33s Sys=0.03s Real=0.07s
[13.946s][info][gc,start    ] GC(54) Pause Young (Mixed) (G1 Evacuation Pause)
[13.947s][info][gc,task     ] GC(54) Using 8 workers of 8 for evacuation
[14.008s][info][gc,phases   ] GC(54)   Pre Evacuate Collection Set: 0.1ms
[14.008s][info][gc,phases   ] GC(54)   Merge Heap Roots: 0.2ms
[14.008s][info][gc,phases   ] GC(54)   Evacuate Collection Set: 57.8ms
[14.008s][info][gc,phases   ] GC(54)   Post Evacuate Collection Set: 3.1ms
[14.008s][info][gc,phases   ] GC(54)   Other: 0.2ms
[14.008s][info][gc,heap     ] GC(54) Eden regions: 16->0(246)
[14.008s][info][gc,heap     ] GC(54) Survivor regions: 13->4(4)
[14.008s][info][gc,heap     ] GC(54) Old regions: 186->153
[14.008s][info][gc,heap     ] GC(54) Archive regions: 2->2
[14.008s][info][gc,heap     ] GC(54) Humongous regions: 9->9
[14.008s][info][gc,metaspace] GC(54) Metaspace: 456K(4864K)->456K(4864K) NonClass: 425K(4352K)->425K(4352K) Class: 30K(512K)->30K(512K)
[14.008s][info][gc          ] GC(54) Pause Young (Mixed) (G1 Evacuation Pause) 448M->331M(1722M) 61.478ms
[14.008s][info][gc,cpu      ] GC(54) User=0.50s Sys=0.00s Real=0.06s
[15.017s][info][gc,start    ] GC(55) Pause Young (Normal) (G1 Evacuation Pause)
[15.017s][info][gc,task     ] GC(55) Using 8 workers of 8 for evacuation
[15.210s][info][gc,phases   ] GC(55)   Pre Evacuate Collection Set: 0.2ms
[15.210s][info][gc,phases   ] GC(55)   Merge Heap Roots: 0.7ms
[15.210s][info][gc,phases   ] GC(55)   Evacuate Collection Set: 191.4ms
[15.210s][info][gc,phases   ] GC(55)   Post Evacuate Collection Set: 0.6ms
[15.210s][info][gc,phases   ] GC(55)   Other: 0.2ms
[15.210s][info][gc,heap     ] GC(55) Eden regions: 246->0(176)
[15.210s][info][gc,heap     ] GC(55) Survivor regions: 4->32(32)
[15.210s][info][gc,heap     ] GC(55) Old regions: 153->266
[15.210s][info][gc,heap     ] GC(55) Archive regions: 2->2
[15.210s][info][gc,heap     ] GC(55) Humongous regions: 9->9
[15.210s][info][gc,metaspace] GC(55) Metaspace: 456K(4864K)->456K(4864K) NonClass: 425K(4352K)->425K(4352K) Class: 30K(512K)->30K(512K)
[15.211s][info][gc          ] GC(55) Pause Young (Normal) (G1 Evacuation Pause) 823M->613M(1722M) 193.153ms
[15.211s][info][gc,cpu      ] GC(55) User=1.06s Sys=0.13s Real=0.19s
[15.590s][info][gc,start    ] GC(56) Pause Young (Normal) (G1 Evacuation Pause)
[15.590s][info][gc,task     ] GC(56) Using 8 workers of 8 for evacuation
[15.684s][info][gc,phases   ] GC(56)   Pre Evacuate Collection Set: 0.1ms
[15.684s][info][gc,phases   ] GC(56)   Merge Heap Roots: 0.4ms
[15.684s][info][gc,phases   ] GC(56)   Evacuate Collection Set: 91.8ms
[15.684s][info][gc,phases   ] GC(56)   Post Evacuate Collection Set: 0.8ms
[15.684s][info][gc,phases   ] GC(56)   Other: 0.2ms
[15.684s][info][gc,heap     ] GC(56) Eden regions: 176->0(134)
[15.684s][info][gc,heap     ] GC(56) Survivor regions: 32->26(26)
[15.684s][info][gc,heap     ] GC(56) Old regions: 266->356
[15.684s][info][gc,heap     ] GC(56) Archive regions: 2->2
[15.684s][info][gc,heap     ] GC(56) Humongous regions: 9->9
[15.684s][info][gc,metaspace] GC(56) Metaspace: 456K(4864K)->456K(4864K) NonClass: 425K(4352K)->425K(4352K) Class: 30K(512K)->30K(512K)
[15.684s][info][gc          ] GC(56) Pause Young (Normal) (G1 Evacuation Pause) 965M->781M(1722M) 93.614ms
[15.684s][info][gc,cpu      ] GC(56) User=0.70s Sys=0.03s Real=0.10s
[16.031s][info][gc,start    ] GC(57) Pause Young (Normal) (G1 Evacuation Pause)
[16.031s][info][gc,task     ] GC(57) Using 8 workers of 8 for evacuation
[16.135s][info][gc,phases   ] GC(57)   Pre Evacuate Collection Set: 0.1ms
[16.135s][info][gc,phases   ] GC(57)   Merge Heap Roots: 0.5ms
[16.135s][info][gc,phases   ] GC(57)   Evacuate Collection Set: 102.8ms
[16.135s][info][gc,phases   ] GC(57)   Post Evacuate Collection Set: 0.5ms
[16.135s][info][gc,phases   ] GC(57)   Other: 0.2ms
[16.135s][info][gc,heap     ] GC(57) Eden regions: 134->0(136)
[16.135s][info][gc,heap     ] GC(57) Survivor regions: 26->20(20)
[16.135s][info][gc,heap     ] GC(57) Old regions: 356->383
[16.135s][info][gc,heap     ] GC(57) Archive regions: 2->2
[16.135s][info][gc,heap     ] GC(57) Humongous regions: 9->9
[16.135s][info][gc,metaspace] GC(57) Metaspace: 456K(4864K)->456K(4864K) NonClass: 425K(4352K)->425K(4352K) Class: 30K(512K)->30K(512K)
[16.135s][info][gc          ] GC(57) Pause Young (Normal) (G1 Evacuation Pause) 1049M->823M(1722M) 104.298ms
[16.135s][info][gc,cpu      ] GC(57) User=0.80s Sys=0.02s Real=0.11s
[16.409s][info][gc,start    ] GC(58) Pause Young (Normal) (G1 Evacuation Pause)
[16.409s][info][gc,task     ] GC(58) Using 8 workers of 8 for evacuation
[16.521s][info][gc,phases   ] GC(58)   Pre Evacuate Collection Set: 0.1ms
[16.521s][info][gc,phases   ] GC(58)   Merge Heap Roots: 0.5ms
[16.521s][info][gc,phases   ] GC(58)   Evacuate Collection Set: 109.3ms
[16.521s][info][gc,phases   ] GC(58)   Post Evacuate Collection Set: 2.6ms
[16.521s][info][gc,phases   ] GC(58)   Other: 0.2ms
[16.521s][info][gc,heap     ] GC(58) Eden regions: 136->0(212)
[16.521s][info][gc,heap     ] GC(58) Survivor regions: 20->20(20)
[16.521s][info][gc,heap     ] GC(58) Old regions: 383->441
[16.521s][info][gc,heap     ] GC(58) Archive regions: 2->2
[16.521s][info][gc,heap     ] GC(58) Humongous regions: 9->9
[16.521s][info][gc,metaspace] GC(58) Metaspace: 456K(4864K)->456K(4864K) NonClass: 425K(4352K)->425K(4352K) Class: 30K(512K)->30K(512K)
[16.521s][info][gc          ] GC(58) Pause Young (Normal) (G1 Evacuation Pause) 1095M->939M(2184M) 112.738ms
[16.521s][info][gc,cpu      ] GC(58) User=0.60s Sys=0.14s Real=0.11s
[17.367s][info][gc,start    ] GC(59) Pause Young (Normal) (G1 Evacuation Pause)
[17.367s][info][gc,task     ] GC(59) Using 8 workers of 8 for evacuation
[17.523s][info][gc,phases   ] GC(59)   Pre Evacuate Collection Set: 0.1ms
[17.523s][info][gc,phases   ] GC(59)   Merge Heap Roots: 0.3ms
[17.523s][info][gc,phases   ] GC(59)   Evacuate Collection Set: 154.8ms
[17.523s][info][gc,phases   ] GC(59)   Post Evacuate Collection Set: 0.5ms
[17.523s][info][gc,phases   ] GC(59)   Other: 0.2ms
[17.523s][info][gc,heap     ] GC(59) Eden regions: 212->0(173)
[17.523s][info][gc,heap     ] GC(59) Survivor regions: 20->29(29)
[17.523s][info][gc,heap     ] GC(59) Old regions: 441->472
[17.523s][info][gc,heap     ] GC(59) Archive regions: 2->2
[17.523s][info][gc,heap     ] GC(59) Humongous regions: 9->9
[17.523s][info][gc,metaspace] GC(59) Metaspace: 456K(4864K)->456K(4864K) NonClass: 425K(4352K)->425K(4352K) Class: 30K(512K)->30K(512K)
[17.523s][info][gc          ] GC(59) Pause Young (Normal) (G1 Evacuation Pause) 1363M->1019M(2184M) 156.005ms
[17.523s][info][gc,cpu      ] GC(59) User=0.47s Sys=0.38s Real=0.15s
[17.872s][info][gc,start    ] GC(60) Pause Young (Normal) (G1 Evacuation Pause)
[17.872s][info][gc,task     ] GC(60) Using 8 workers of 8 for evacuation
[17.970s][info][gc,phases   ] GC(60)   Pre Evacuate Collection Set: 0.1ms
[17.970s][info][gc,phases   ] GC(60)   Merge Heap Roots: 0.4ms
[17.970s][info][gc,phases   ] GC(60)   Evacuate Collection Set: 95.9ms
[17.970s][info][gc,phases   ] GC(60)   Post Evacuate Collection Set: 0.8ms
[17.970s][info][gc,phases   ] GC(60)   Other: 0.2ms
[17.970s][info][gc,heap     ] GC(60) Eden regions: 173->0(165)
[17.970s][info][gc,heap     ] GC(60) Survivor regions: 29->26(26)
[17.970s][info][gc,heap     ] GC(60) Old regions: 472->546
[17.970s][info][gc,heap     ] GC(60) Archive regions: 2->2
[17.970s][info][gc,heap     ] GC(60) Humongous regions: 9->9
[17.970s][info][gc,metaspace] GC(60) Metaspace: 456K(4864K)->456K(4864K) NonClass: 425K(4352K)->425K(4352K) Class: 30K(512K)->30K(512K)
[17.970s][info][gc          ] GC(60) Pause Young (Normal) (G1 Evacuation Pause) 1365M->1161M(2184M) 97.467ms
[17.970s][info][gc,cpu      ] GC(60) User=0.61s Sys=0.00s Real=0.10s
[18.330s][info][gc,start    ] GC(61) Pause Young (Normal) (G1 Evacuation Pause)
[18.330s][info][gc,task     ] GC(61) Using 8 workers of 8 for evacuation
[18.444s][info][gc,phases   ] GC(61)   Pre Evacuate Collection Set: 0.1ms
[18.444s][info][gc,phases   ] GC(61)   Merge Heap Roots: 0.3ms
[18.444s][info][gc,phases   ] GC(61)   Evacuate Collection Set: 112.7ms
[18.444s][info][gc,phases   ] GC(61)   Post Evacuate Collection Set: 0.6ms
[18.444s][info][gc,phases   ] GC(61)   Other: 0.2ms
[18.444s][info][gc,heap     ] GC(61) Eden regions: 165->0(101)
[18.444s][info][gc,heap     ] GC(61) Survivor regions: 26->24(24)
[18.444s][info][gc,heap     ] GC(61) Old regions: 546->638
[18.444s][info][gc,heap     ] GC(61) Archive regions: 2->2
[18.444s][info][gc,heap     ] GC(61) Humongous regions: 9->9
[18.444s][info][gc,metaspace] GC(61) Metaspace: 456K(4864K)->456K(4864K) NonClass: 425K(4352K)->425K(4352K) Class: 30K(512K)->30K(512K)
[18.444s][info][gc          ] GC(61) Pause Young (Normal) (G1 Evacuation Pause) 1491M->1341M(2184M) 114.017ms
[18.444s][info][gc,cpu      ] GC(61) User=0.58s Sys=0.07s Real=0.12s
[18.777s][info][gc,start    ] GC(62) Pause Young (Normal) (G1 Evacuation Pause)
[18.777s][info][gc,task     ] GC(62) Using 8 workers of 8 for evacuation
[18.853s][info][gc,phases   ] GC(62)   Pre Evacuate Collection Set: 0.1ms
[18.853s][info][gc,phases   ] GC(62)   Merge Heap Roots: 0.5ms
[18.853s][info][gc,phases   ] GC(62)   Evacuate Collection Set: 73.3ms
[18.853s][info][gc,phases   ] GC(62)   Post Evacuate Collection Set: 1.7ms
[18.853s][info][gc,phases   ] GC(62)   Other: 0.2ms
[18.853s][info][gc,heap     ] GC(62) Eden regions: 101->0(177)
[18.853s][info][gc,heap     ] GC(62) Survivor regions: 24->16(16)
[18.853s][info][gc,heap     ] GC(62) Old regions: 638->644
[18.853s][info][gc,heap     ] GC(62) Archive regions: 2->2
[18.853s][info][gc,heap     ] GC(62) Humongous regions: 9->9
[18.853s][info][gc,metaspace] GC(62) Metaspace: 456K(4864K)->456K(4864K) NonClass: 425K(4352K)->425K(4352K) Class: 30K(512K)->30K(512K)
[18.853s][info][gc          ] GC(62) Pause Young (Normal) (G1 Evacuation Pause) 1543M->1337M(2404M) 75.854ms
[18.853s][info][gc,cpu      ] GC(62) User=0.33s Sys=0.02s Real=0.07s
[19.521s][info][gc,start    ] GC(63) Pause Young (Normal) (G1 Evacuation Pause)
[19.521s][info][gc,task     ] GC(63) Using 8 workers of 8 for evacuation
[19.572s][info][gc,phases   ] GC(63)   Pre Evacuate Collection Set: 0.1ms
[19.572s][info][gc,phases   ] GC(63)   Merge Heap Roots: 0.4ms
[19.572s][info][gc,phases   ] GC(63)   Evacuate Collection Set: 49.1ms
[19.572s][info][gc,phases   ] GC(63)   Post Evacuate Collection Set: 0.6ms
[19.572s][info][gc,phases   ] GC(63)   Other: 0.2ms
[19.572s][info][gc,heap     ] GC(63) Eden regions: 177->0(179)
[19.572s][info][gc,heap     ] GC(63) Survivor regions: 16->25(25)
[19.572s][info][gc,heap     ] GC(63) Old regions: 644->662
[19.572s][info][gc,heap     ] GC(63) Archive regions: 2->2
[19.572s][info][gc,heap     ] GC(63) Humongous regions: 9->9
[19.572s][info][gc,metaspace] GC(63) Metaspace: 456K(4864K)->456K(4864K) NonClass: 425K(4352K)->425K(4352K) Class: 30K(512K)->30K(512K)
[19.572s][info][gc          ] GC(63) Pause Young (Normal) (G1 Evacuation Pause) 1691M->1391M(2404M) 50.496ms
[19.572s][info][gc,cpu      ] GC(63) User=0.27s Sys=0.00s Real=0.05s
[19.964s][info][gc,start    ] GC(64) Pause Young (Normal) (G1 Evacuation Pause)
[19.964s][info][gc,task     ] GC(64) Using 8 workers of 8 for evacuation
[20.041s][info][gc,phases   ] GC(64)   Pre Evacuate Collection Set: 0.2ms
[20.041s][info][gc,phases   ] GC(64)   Merge Heap Roots: 0.5ms
[20.041s][info][gc,phases   ] GC(64)   Evacuate Collection Set: 75.2ms
[20.041s][info][gc,phases   ] GC(64)   Post Evacuate Collection Set: 0.8ms
[20.041s][info][gc,phases   ] GC(64)   Other: 0.2ms
[20.041s][info][gc,heap     ] GC(64) Eden regions: 179->0(144)
[20.041s][info][gc,heap     ] GC(64) Survivor regions: 25->26(26)
[20.041s][info][gc,heap     ] GC(64) Old regions: 662->710
[20.041s][info][gc,heap     ] GC(64) Archive regions: 2->2
[20.041s][info][gc,heap     ] GC(64) Humongous regions: 9->9
[20.041s][info][gc,metaspace] GC(64) Metaspace: 456K(4864K)->456K(4864K) NonClass: 425K(4352K)->425K(4352K) Class: 30K(512K)->30K(512K)
[20.041s][info][gc          ] GC(64) Pause Young (Normal) (G1 Evacuation Pause) 1749M->1489M(2404M) 77.058ms
[20.041s][info][gc,cpu      ] GC(64) User=0.45s Sys=0.01s Real=0.07s
[20.374s][info][gc,start    ] GC(65) Pause Young (Normal) (G1 Evacuation Pause)
[20.374s][info][gc,task     ] GC(65) Using 8 workers of 8 for evacuation
[20.476s][info][gc,phases   ] GC(65)   Pre Evacuate Collection Set: 0.1ms
[20.476s][info][gc,phases   ] GC(65)   Merge Heap Roots: 0.3ms
[20.476s][info][gc,phases   ] GC(65)   Evacuate Collection Set: 101.8ms
[20.476s][info][gc,phases   ] GC(65)   Post Evacuate Collection Set: 0.5ms
[20.476s][info][gc,phases   ] GC(65)   Other: 0.2ms
[20.476s][info][gc,heap     ] GC(65) Eden regions: 144->0(86)
[20.477s][info][gc,heap     ] GC(65) Survivor regions: 26->22(22)
[20.477s][info][gc,heap     ] GC(65) Old regions: 710->800
[20.477s][info][gc,heap     ] GC(65) Archive regions: 2->2
[20.477s][info][gc,heap     ] GC(65) Humongous regions: 9->9
[20.477s][info][gc,metaspace] GC(65) Metaspace: 456K(4864K)->456K(4864K) NonClass: 425K(4352K)->425K(4352K) Class: 30K(512K)->30K(512K)
[20.477s][info][gc          ] GC(65) Pause Young (Normal) (G1 Evacuation Pause) 1777M->1662M(2404M) 102.982ms
[20.477s][info][gc,cpu      ] GC(65) User=0.69s Sys=0.02s Real=0.10s
[20.757s][info][gc,start    ] GC(66) Pause Young (Concurrent Start) (G1 Evacuation Pause)
[20.757s][info][gc,task     ] GC(66) Using 8 workers of 8 for evacuation
[20.842s][info][gc,phases   ] GC(66)   Pre Evacuate Collection Set: 0.2ms
[20.842s][info][gc,phases   ] GC(66)   Merge Heap Roots: 0.7ms
[20.842s][info][gc,phases   ] GC(66)   Evacuate Collection Set: 83.1ms
[20.842s][info][gc,phases   ] GC(66)   Post Evacuate Collection Set: 0.9ms
[20.842s][info][gc,phases   ] GC(66)   Other: 0.2ms
[20.842s][info][gc,heap     ] GC(66) Eden regions: 86->0(107)
[20.842s][info][gc,heap     ] GC(66) Survivor regions: 22->14(14)
[20.842s][info][gc,heap     ] GC(66) Old regions: 800->812
[20.842s][info][gc,heap     ] GC(66) Archive regions: 2->2
[20.842s][info][gc,heap     ] GC(66) Humongous regions: 9->9
[20.842s][info][gc,metaspace] GC(66) Metaspace: 456K(4864K)->456K(4864K) NonClass: 425K(4352K)->425K(4352K) Class: 30K(512K)->30K(512K)
[20.842s][info][gc          ] GC(66) Pause Young (Concurrent Start) (G1 Evacuation Pause) 1834M->1670M(2500M) 85.222ms
[20.842s][info][gc,cpu      ] GC(66) User=0.39s Sys=0.03s Real=0.08s
[20.842s][info][gc          ] GC(67) Concurrent Cycle
[20.851s][info][gc,task     ] GC(67) Using 2 workers of 2 for marking
[20.900s][info][gc,start    ] GC(67) Pause Remark
[21.011s][info][gc          ] GC(67) Pause Remark 1709M->364M(1228M) 110.258ms
[21.011s][info][gc,cpu      ] GC(67) User=0.00s Sys=0.11s Real=0.11s
[21.057s][info][gc,start    ] GC(67) Pause Cleanup
[21.057s][info][gc          ] GC(67) Pause Cleanup 413M->413M(1228M) 0.214ms
[21.057s][info][gc,cpu      ] GC(67) User=0.00s Sys=0.00s Real=0.00s
[21.063s][info][gc          ] GC(67) Concurrent Cycle 221.233ms
[21.248s][info][gc,start    ] GC(68) Pause Young (Prepare Mixed) (G1 Evacuation Pause)
[21.248s][info][gc,task     ] GC(68) Using 8 workers of 8 for evacuation
[21.377s][info][gc,phases   ] GC(68)   Pre Evacuate Collection Set: 0.1ms
[21.377s][info][gc,phases   ] GC(68)   Merge Heap Roots: 0.6ms
[21.377s][info][gc,phases   ] GC(68)   Evacuate Collection Set: 127.1ms
[21.377s][info][gc,phases   ] GC(68)   Post Evacuate Collection Set: 0.5ms
[21.377s][info][gc,phases   ] GC(68)   Other: 0.2ms
[21.377s][info][gc,heap     ] GC(68) Eden regions: 136->0(11)
[21.377s][info][gc,heap     ] GC(68) Survivor regions: 14->19(19)
[21.377s][info][gc,heap     ] GC(68) Old regions: 139->246
[21.377s][info][gc,heap     ] GC(68) Archive regions: 2->2
[21.377s][info][gc,heap     ] GC(68) Humongous regions: 9->9
[21.377s][info][gc,metaspace] GC(68) Metaspace: 456K(4864K)->456K(4864K) NonClass: 425K(4352K)->425K(4352K) Class: 30K(512K)->30K(512K)
[21.377s][info][gc          ] GC(68) Pause Young (Prepare Mixed) (G1 Evacuation Pause) 597M->549M(1228M) 128.743ms
[21.377s][info][gc,cpu      ] GC(68) User=0.72s Sys=0.01s Real=0.13s
[21.413s][info][gc,start    ] GC(69) Pause Young (Mixed) (G1 Evacuation Pause)
[21.413s][info][gc,task     ] GC(69) Using 8 workers of 8 for evacuation
[21.434s][info][gc,phases   ] GC(69)   Pre Evacuate Collection Set: 0.1ms
[21.434s][info][gc,phases   ] GC(69)   Merge Heap Roots: 0.2ms
[21.434s][info][gc,phases   ] GC(69)   Evacuate Collection Set: 20.2ms
[21.434s][info][gc,phases   ] GC(69)   Post Evacuate Collection Set: 0.5ms
[21.434s][info][gc,phases   ] GC(69)   Other: 0.1ms
[21.434s][info][gc,heap     ] GC(69) Eden regions: 11->0(26)
[21.434s][info][gc,heap     ] GC(69) Survivor regions: 19->4(4)
[21.434s][info][gc,heap     ] GC(69) Old regions: 246->203
[21.434s][info][gc,heap     ] GC(69) Archive regions: 2->2
[21.434s][info][gc,heap     ] GC(69) Humongous regions: 9->9
[21.434s][info][gc,metaspace] GC(69) Metaspace: 456K(4864K)->456K(4864K) NonClass: 425K(4352K)->425K(4352K) Class: 30K(512K)->30K(512K)
[21.434s][info][gc          ] GC(69) Pause Young (Mixed) (G1 Evacuation Pause) 571M->432M(1228M) 21.388ms
[21.434s][info][gc,cpu      ] GC(69) User=0.08s Sys=0.02s Real=0.03s
[21.522s][info][gc,start    ] GC(70) Pause Young (Mixed) (G1 Evacuation Pause)
[21.522s][info][gc,task     ] GC(70) Using 8 workers of 8 for evacuation
[21.529s][info][gc,phases   ] GC(70)   Pre Evacuate Collection Set: 0.1ms
[21.529s][info][gc,phases   ] GC(70)   Merge Heap Roots: 0.2ms
[21.529s][info][gc,phases   ] GC(70)   Evacuate Collection Set: 6.2ms
[21.529s][info][gc,phases   ] GC(70)   Post Evacuate Collection Set: 0.4ms
[21.529s][info][gc,phases   ] GC(70)   Other: 0.2ms
[21.529s][info][gc,heap     ] GC(70) Eden regions: 26->0(142)
[21.529s][info][gc,heap     ] GC(70) Survivor regions: 4->3(4)
[21.529s][info][gc,heap     ] GC(70) Old regions: 203->157
[21.529s][info][gc,heap     ] GC(70) Archive regions: 2->2
[21.529s][info][gc,heap     ] GC(70) Humongous regions: 9->9
[21.529s][info][gc,metaspace] GC(70) Metaspace: 456K(4864K)->456K(4864K) NonClass: 425K(4352K)->425K(4352K) Class: 30K(512K)->30K(512K)
[21.529s][info][gc          ] GC(70) Pause Young (Mixed) (G1 Evacuation Pause) 484M->338M(1228M) 7.121ms
[21.529s][info][gc,cpu      ] GC(70) User=0.00s Sys=0.00s Real=0.01s
[21.847s][info][gc,start    ] GC(71) Pause Young (Normal) (G1 Evacuation Pause)
[21.847s][info][gc,task     ] GC(71) Using 8 workers of 8 for evacuation
[21.935s][info][gc,phases   ] GC(71)   Pre Evacuate Collection Set: 0.1ms
[21.935s][info][gc,phases   ] GC(71)   Merge Heap Roots: 0.3ms
[21.935s][info][gc,phases   ] GC(71)   Evacuate Collection Set: 87.4ms
[21.935s][info][gc,phases   ] GC(71)   Post Evacuate Collection Set: 0.5ms
[21.935s][info][gc,phases   ] GC(71)   Other: 0.2ms
[21.935s][info][gc,heap     ] GC(71) Eden regions: 142->0(93)
[21.935s][info][gc,heap     ] GC(71) Survivor regions: 3->19(19)
[21.935s][info][gc,heap     ] GC(71) Old regions: 157->242
[21.935s][info][gc,heap     ] GC(71) Archive regions: 2->2
[21.935s][info][gc,heap     ] GC(71) Humongous regions: 9->9
[21.935s][info][gc,metaspace] GC(71) Metaspace: 456K(4864K)->456K(4864K) NonClass: 425K(4352K)->425K(4352K) Class: 30K(512K)->30K(512K)
[21.935s][info][gc          ] GC(71) Pause Young (Normal) (G1 Evacuation Pause) 622M->540M(1228M) 88.668ms
[21.935s][info][gc,cpu      ] GC(71) User=0.56s Sys=0.02s Real=0.09s
[22.241s][info][gc,start    ] GC(72) Pause Young (Normal) (G1 Evacuation Pause)
[22.241s][info][gc,task     ] GC(72) Using 8 workers of 8 for evacuation
[22.322s][info][gc,phases   ] GC(72)   Pre Evacuate Collection Set: 0.1ms
[22.322s][info][gc,phases   ] GC(72)   Merge Heap Roots: 0.5ms
[22.322s][info][gc,phases   ] GC(72)   Evacuate Collection Set: 80.2ms
[22.322s][info][gc,phases   ] GC(72)   Post Evacuate Collection Set: 0.4ms
[22.322s][info][gc,phases   ] GC(72)   Other: 0.2ms
[22.322s][info][gc,heap     ] GC(72) Eden regions: 93->0(100)
[22.322s][info][gc,heap     ] GC(72) Survivor regions: 19->14(14)
[22.322s][info][gc,heap     ] GC(72) Old regions: 242->253
[22.322s][info][gc,heap     ] GC(72) Archive regions: 2->2
[22.322s][info][gc,heap     ] GC(72) Humongous regions: 9->9
[22.322s][info][gc,metaspace] GC(72) Metaspace: 456K(4864K)->456K(4864K) NonClass: 425K(4352K)->425K(4352K) Class: 30K(512K)->30K(512K)
[22.322s][info][gc          ] GC(72) Pause Young (Normal) (G1 Evacuation Pause) 726M->553M(1228M) 81.465ms
[22.322s][info][gc,cpu      ] GC(72) User=0.56s Sys=0.01s Real=0.08s
[22.483s][info][gc,start    ] GC(73) Pause Young (Normal) (G1 Evacuation Pause)
[22.483s][info][gc,task     ] GC(73) Using 8 workers of 8 for evacuation
[22.579s][info][gc,phases   ] GC(73)   Pre Evacuate Collection Set: 0.1ms
[22.579s][info][gc,phases   ] GC(73)   Merge Heap Roots: 0.4ms
[22.579s][info][gc,phases   ] GC(73)   Evacuate Collection Set: 92.6ms
[22.579s][info][gc,phases   ] GC(73)   Post Evacuate Collection Set: 2.5ms
[22.579s][info][gc,phases   ] GC(73)   Other: 0.2ms
[22.579s][info][gc,heap     ] GC(73) Eden regions: 100->0(145)
[22.579s][info][gc,heap     ] GC(73) Survivor regions: 14->15(15)
[22.579s][info][gc,heap     ] GC(73) Old regions: 253->343
[22.579s][info][gc,heap     ] GC(73) Archive regions: 2->2
[22.579s][info][gc,heap     ] GC(73) Humongous regions: 9->9
[22.579s][info][gc,metaspace] GC(73) Metaspace: 456K(4864K)->456K(4864K) NonClass: 425K(4352K)->425K(4352K) Class: 30K(512K)->30K(512K)
[22.579s][info][gc          ] GC(73) Pause Young (Normal) (G1 Evacuation Pause) 753M->734M(1658M) 95.856ms
[22.579s][info][gc,cpu      ] GC(73) User=0.65s Sys=0.00s Real=0.10s
[23.033s][info][gc,start    ] GC(74) Pause Young (Normal) (G1 Evacuation Pause)
[23.033s][info][gc,task     ] GC(74) Using 8 workers of 8 for evacuation
[23.115s][info][gc,phases   ] GC(74)   Pre Evacuate Collection Set: 0.1ms
[23.115s][info][gc,phases   ] GC(74)   Merge Heap Roots: 0.5ms
[23.115s][info][gc,phases   ] GC(74)   Evacuate Collection Set: 80.4ms
[23.115s][info][gc,phases   ] GC(74)   Post Evacuate Collection Set: 0.6ms
[23.115s][info][gc,phases   ] GC(74)   Other: 0.2ms
[23.115s][info][gc,heap     ] GC(74) Eden regions: 145->0(127)
[23.115s][info][gc,heap     ] GC(74) Survivor regions: 15->20(20)
[23.115s][info][gc,heap     ] GC(74) Old regions: 343->380
[23.115s][info][gc,heap     ] GC(74) Archive regions: 2->2
[23.115s][info][gc,heap     ] GC(74) Humongous regions: 9->9
[23.115s][info][gc,metaspace] GC(74) Metaspace: 456K(4864K)->456K(4864K) NonClass: 425K(4352K)->425K(4352K) Class: 30K(512K)->30K(512K)
[23.115s][info][gc          ] GC(74) Pause Young (Normal) (G1 Evacuation Pause) 1024M->819M(1658M) 81.920ms
[23.115s][info][gc,cpu      ] GC(74) User=0.43s Sys=0.09s Real=0.09s
[23.381s][info][gc,start    ] GC(75) Pause Young (Normal) (G1 Evacuation Pause)
[23.381s][info][gc,task     ] GC(75) Using 8 workers of 8 for evacuation
[23.461s][info][gc,phases   ] GC(75)   Pre Evacuate Collection Set: 0.1ms
[24.140s][info][gc,phases   ] GC(75)   Merge Heap Roots: 0.8ms
[24.140s][info][gc,phases   ] GC(75)   Evacuate Collection Set: 78.2ms
[24.140s][info][gc,phases   ] GC(75)   Post Evacuate Collection Set: 0.7ms
[24.140s][info][gc,phases   ] GC(75)   Other: 0.2ms
[24.140s][info][gc,heap     ] GC(75) Eden regions: 127->0(97)
[24.140s][info][gc,heap     ] GC(75) Survivor regions: 20->19(19)
[24.140s][info][gc,heap     ] GC(75) Old regions: 380->444
[24.140s][info][gc,heap     ] GC(75) Archive regions: 2->2
[24.140s][info][gc,heap     ] GC(75) Humongous regions: 9->9
[24.140s][info][gc,metaspace] GC(75) Metaspace: 456K(4864K)->456K(4864K) NonClass: 425K(4352K)->425K(4352K) Class: 30K(512K)->30K(512K)
[24.140s][info][gc          ] GC(75) Pause Young (Normal) (G1 Evacuation Pause) 1073M->944M(1658M) 759.012ms
[24.140s][info][gc,cpu      ] GC(75) User=0.56s Sys=0.02s Real=0.76s
[24.372s][info][gc,start    ] GC(76) Pause Young (Normal) (G1 Evacuation Pause)
[24.372s][info][gc,task     ] GC(76) Using 8 workers of 8 for evacuation
[24.474s][info][gc,phases   ] GC(76)   Pre Evacuate Collection Set: 0.1ms
[24.474s][info][gc,phases   ] GC(76)   Merge Heap Roots: 0.4ms
[24.474s][info][gc,phases   ] GC(76)   Evacuate Collection Set: 101.4ms
[24.474s][info][gc,phases   ] GC(76)   Post Evacuate Collection Set: 0.4ms
[24.474s][info][gc,phases   ] GC(76)   Other: 0.2ms
[24.474s][info][gc,heap     ] GC(76) Eden regions: 97->0(78)
[24.474s][info][gc,heap     ] GC(76) Survivor regions: 19->15(15)
[24.474s][info][gc,heap     ] GC(76) Old regions: 444->498
[24.474s][info][gc,heap     ] GC(76) Archive regions: 2->2
[24.474s][info][gc,heap     ] GC(76) Humongous regions: 9->9
[24.474s][info][gc,metaspace] GC(76) Metaspace: 456K(4864K)->456K(4864K) NonClass: 425K(4352K)->425K(4352K) Class: 30K(512K)->30K(512K)
[24.474s][info][gc          ] GC(76) Pause Young (Normal) (G1 Evacuation Pause) 1138M->1045M(1658M) 102.580ms
[24.474s][info][gc,cpu      ] GC(76) User=0.48s Sys=0.14s Real=0.11s
[24.649s][info][gc,start    ] GC(77) Pause Young (Concurrent Start) (G1 Evacuation Pause)
[24.649s][info][gc,task     ] GC(77) Using 8 workers of 8 for evacuation
[24.824s][info][gc,phases   ] GC(77)   Pre Evacuate Collection Set: 0.1ms
[24.824s][info][gc,phases   ] GC(77)   Merge Heap Roots: 0.5ms
[24.824s][info][gc,phases   ] GC(77)   Evacuate Collection Set: 172.0ms
[24.824s][info][gc,phases   ] GC(77)   Post Evacuate Collection Set: 2.1ms
[24.824s][info][gc,phases   ] GC(77)   Other: 0.2ms
[24.824s][info][gc,heap     ] GC(77) Eden regions: 78->0(110)
[24.824s][info][gc,heap     ] GC(77) Survivor regions: 15->12(12)
[24.824s][info][gc,heap     ] GC(77) Old regions: 498->566
[24.824s][info][gc,heap     ] GC(77) Archive regions: 2->2
[24.824s][info][gc,heap     ] GC(77) Humongous regions: 9->9
[24.824s][info][gc,metaspace] GC(77) Metaspace: 456K(4864K)->456K(4864K) NonClass: 425K(4352K)->425K(4352K) Class: 30K(512K)->30K(512K)
[24.824s][info][gc          ] GC(77) Pause Young (Concurrent Start) (G1 Evacuation Pause) 1201M->1174M(2018M) 175.114ms
[24.824s][info][gc,cpu      ] GC(77) User=0.59s Sys=0.34s Real=0.18s
[24.824s][info][gc          ] GC(78) Concurrent Cycle
[24.862s][info][gc,task     ] GC(78) Using 2 workers of 2 for marking
[24.968s][info][gc,start    ] GC(78) Pause Remark
[24.998s][info][gc          ] GC(78) Pause Remark 1240M->412M(1388M) 30.389ms
[24.998s][info][gc,cpu      ] GC(78) User=0.00s Sys=0.03s Real=0.03s
[25.120s][info][gc,start    ] GC(78) Pause Cleanup
[25.120s][info][gc          ] GC(78) Pause Cleanup 457M->457M(1388M) 0.203ms
[25.120s][info][gc,cpu      ] GC(78) User=0.00s Sys=0.00s Real=0.00s
[25.126s][info][gc          ] GC(78) Concurrent Cycle 302.045ms
[25.339s][info][gc,start    ] GC(79) Pause Young (Prepare Mixed) (G1 Evacuation Pause)
[25.339s][info][gc,task     ] GC(79) Using 8 workers of 8 for evacuation
[25.409s][info][gc,phases   ] GC(79)   Pre Evacuate Collection Set: 0.1ms
[25.409s][info][gc,phases   ] GC(79)   Merge Heap Roots: 0.4ms
[25.409s][info][gc,phases   ] GC(79)   Evacuate Collection Set: 68.5ms
[25.409s][info][gc,phases   ] GC(79)   Post Evacuate Collection Set: 0.4ms
[25.409s][info][gc,phases   ] GC(79)   Other: 0.2ms
[25.409s][info][gc,heap     ] GC(79) Eden regions: 110->0(18)
[25.409s][info][gc,heap     ] GC(79) Survivor regions: 12->16(16)
[25.409s][info][gc,heap     ] GC(79) Old regions: 152->190
[25.409s][info][gc,heap     ] GC(79) Archive regions: 2->2
[25.409s][info][gc,heap     ] GC(79) Humongous regions: 9->9
[25.409s][info][gc,metaspace] GC(79) Metaspace: 456K(4864K)->456K(4864K) NonClass: 425K(4352K)->425K(4352K) Class: 30K(512K)->30K(512K)
[25.409s][info][gc          ] GC(79) Pause Young (Prepare Mixed) (G1 Evacuation Pause) 566M->429M(1388M) 69.904ms
[25.409s][info][gc,cpu      ] GC(79) User=0.36s Sys=0.02s Real=0.07s
[25.444s][info][gc,start    ] GC(80) Pause Young (Mixed) (G1 Evacuation Pause)
[25.444s][info][gc,task     ] GC(80) Using 8 workers of 8 for evacuation
[25.506s][info][gc,phases   ] GC(80)   Pre Evacuate Collection Set: 0.1ms
[25.506s][info][gc,phases   ] GC(80)   Merge Heap Roots: 0.3ms
[25.506s][info][gc,phases   ] GC(80)   Evacuate Collection Set: 60.9ms
[25.506s][info][gc,phases   ] GC(80)   Post Evacuate Collection Set: 0.4ms
[25.506s][info][gc,phases   ] GC(80)   Other: 0.2ms
[25.506s][info][gc,heap     ] GC(80) Eden regions: 18->0(185)
[25.506s][info][gc,heap     ] GC(80) Survivor regions: 16->5(5)
[25.506s][info][gc,heap     ] GC(80) Old regions: 190->153
[25.506s][info][gc,heap     ] GC(80) Archive regions: 2->2
[25.506s][info][gc,heap     ] GC(80) Humongous regions: 9->9
[25.506s][info][gc,metaspace] GC(80) Metaspace: 456K(4864K)->456K(4864K) NonClass: 425K(4352K)->425K(4352K) Class: 30K(512K)->30K(512K)
[25.506s][info][gc          ] GC(80) Pause Young (Mixed) (G1 Evacuation Pause) 465M->334M(1388M) 61.931ms
[25.506s][info][gc,cpu      ] GC(80) User=0.40s Sys=0.03s Real=0.06s
[25.971s][info][gc,start    ] GC(81) Pause Young (Normal) (G1 Evacuation Pause)
[25.971s][info][gc,task     ] GC(81) Using 8 workers of 8 for evacuation
[26.047s][info][gc,phases   ] GC(81)   Pre Evacuate Collection Set: 0.1ms
[26.047s][info][gc,phases   ] GC(81)   Merge Heap Roots: 0.7ms
[26.047s][info][gc,phases   ] GC(81)   Evacuate Collection Set: 74.9ms
[26.047s][info][gc,phases   ] GC(81)   Post Evacuate Collection Set: 0.7ms
[26.047s][info][gc,phases   ] GC(81)   Other: 0.2ms
[26.047s][info][gc,heap     ] GC(81) Eden regions: 185->0(157)
[26.047s][info][gc,heap     ] GC(81) Survivor regions: 5->24(24)
[26.047s][info][gc,heap     ] GC(81) Old regions: 153->206
[26.047s][info][gc,heap     ] GC(81) Archive regions: 2->2
[26.047s][info][gc,heap     ] GC(81) Humongous regions: 9->9
[26.047s][info][gc,metaspace] GC(81) Metaspace: 456K(4864K)->456K(4864K) NonClass: 425K(4352K)->425K(4352K) Class: 30K(512K)->30K(512K)
[26.047s][info][gc          ] GC(81) Pause Young (Normal) (G1 Evacuation Pause) 704M->479M(1388M) 76.664ms
[26.047s][info][gc,cpu      ] GC(81) User=0.44s Sys=0.00s Real=0.08s
[26.428s][info][gc,start    ] GC(82) Pause Young (Normal) (G1 Evacuation Pause)
[26.428s][info][gc,task     ] GC(82) Using 8 workers of 8 for evacuation
[26.495s][info][gc,phases   ] GC(82)   Pre Evacuate Collection Set: 0.1ms
[26.495s][info][gc,phases   ] GC(82)   Merge Heap Roots: 0.9ms
[26.495s][info][gc,phases   ] GC(82)   Evacuate Collection Set: 59.0ms
[26.495s][info][gc,phases   ] GC(82)   Post Evacuate Collection Set: 6.3ms
[26.495s][info][gc,phases   ] GC(82)   Other: 0.2ms
[26.495s][info][gc,heap     ] GC(82) Eden regions: 157->0(262)
[26.495s][info][gc,heap     ] GC(82) Survivor regions: 24->23(23)
[26.495s][info][gc,heap     ] GC(82) Old regions: 206->229
[26.495s][info][gc,heap     ] GC(82) Archive regions: 2->2
[26.495s][info][gc,heap     ] GC(82) Humongous regions: 9->9
[26.495s][info][gc,metaspace] GC(82) Metaspace: 456K(4864K)->456K(4864K) NonClass: 425K(4352K)->425K(4352K) Class: 30K(512K)->30K(512K)
[26.495s][info][gc          ] GC(82) Pause Young (Normal) (G1 Evacuation Pause) 793M->522M(1808M) 66.599ms
[26.495s][info][gc,cpu      ] GC(82) User=0.38s Sys=0.00s Real=0.07s
[27.609s][info][gc,start    ] GC(83) Pause Young (Normal) (G1 Evacuation Pause)
[27.609s][info][gc,task     ] GC(83) Using 8 workers of 8 for evacuation
[27.693s][info][gc,phases   ] GC(83)   Pre Evacuate Collection Set: 0.1ms
[27.693s][info][gc,phases   ] GC(83)   Merge Heap Roots: 0.5ms
[27.693s][info][gc,phases   ] GC(83)   Evacuate Collection Set: 82.4ms
[27.693s][info][gc,phases   ] GC(83)   Post Evacuate Collection Set: 0.7ms
[27.693s][info][gc,phases   ] GC(83)   Other: 0.2ms
[27.693s][info][gc,heap     ] GC(83) Eden regions: 262->0(233)
[27.693s][info][gc,heap     ] GC(83) Survivor regions: 23->36(36)
[27.693s][info][gc,heap     ] GC(83) Old regions: 229->281
[27.694s][info][gc,heap     ] GC(83) Archive regions: 2->2
[27.694s][info][gc,heap     ] GC(83) Humongous regions: 9->9
[27.694s][info][gc,metaspace] GC(83) Metaspace: 456K(4864K)->456K(4864K) NonClass: 425K(4352K)->425K(4352K) Class: 30K(512K)->30K(512K)
[27.694s][info][gc          ] GC(83) Pause Young (Normal) (G1 Evacuation Pause) 1046M->652M(1808M) 84.138ms
[27.694s][info][gc,cpu      ] GC(83) User=0.59s Sys=0.02s Real=0.09s
[28.253s][info][gc,start    ] GC(84) Pause Young (Normal) (G1 Evacuation Pause)
[28.253s][info][gc,task     ] GC(84) Using 8 workers of 8 for evacuation
[28.425s][info][gc,phases   ] GC(84)   Pre Evacuate Collection Set: 0.1ms
[28.425s][info][gc,phases   ] GC(84)   Merge Heap Roots: 0.6ms
[28.425s][info][gc,phases   ] GC(84)   Evacuate Collection Set: 170.8ms
[28.426s][info][gc,phases   ] GC(84)   Post Evacuate Collection Set: 0.7ms
[28.426s][info][gc,phases   ] GC(84)   Other: 0.2ms
[28.426s][info][gc,heap     ] GC(84) Eden regions: 233->0(174)
[28.426s][info][gc,heap     ] GC(84) Survivor regions: 36->34(34)
[28.426s][info][gc,heap     ] GC(84) Old regions: 281->363
[28.426s][info][gc,heap     ] GC(84) Archive regions: 2->2
[28.426s][info][gc,heap     ] GC(84) Humongous regions: 9->9
[28.426s][info][gc,metaspace] GC(84) Metaspace: 456K(4864K)->456K(4864K) NonClass: 425K(4352K)->425K(4352K) Class: 30K(512K)->30K(512K)
[28.426s][info][gc          ] GC(84) Pause Young (Normal) (G1 Evacuation Pause) 1118M->812M(1808M) 172.539ms
[28.426s][info][gc,cpu      ] GC(84) User=1.04s Sys=0.01s Real=0.18s
[28.878s][info][gc,start    ] GC(85) Pause Young (Normal) (G1 Evacuation Pause)
[28.878s][info][gc,task     ] GC(85) Using 8 workers of 8 for evacuation
[29.018s][info][gc,phases   ] GC(85)   Pre Evacuate Collection Set: 0.2ms
[29.019s][info][gc,phases   ] GC(85)   Merge Heap Roots: 0.6ms
[29.019s][info][gc,phases   ] GC(85)   Evacuate Collection Set: 138.1ms
[29.019s][info][gc,phases   ] GC(85)   Post Evacuate Collection Set: 0.7ms
[29.019s][info][gc,phases   ] GC(85)   Other: 0.2ms
[29.019s][info][gc,heap     ] GC(85) Eden regions: 174->0(146)
[29.019s][info][gc,heap     ] GC(85) Survivor regions: 34->26(26)
[29.019s][info][gc,heap     ] GC(85) Old regions: 363->426
[29.019s][info][gc,heap     ] GC(85) Archive regions: 2->2
[29.019s][info][gc,heap     ] GC(85) Humongous regions: 9->9
[29.019s][info][gc,metaspace] GC(85) Metaspace: 456K(4864K)->456K(4864K) NonClass: 425K(4352K)->425K(4352K) Class: 30K(512K)->30K(512K)
[29.019s][info][gc          ] GC(85) Pause Young (Normal) (G1 Evacuation Pause) 1160M->922M(1808M) 140.837ms
[29.019s][info][gc,cpu      ] GC(85) User=0.81s Sys=0.00s Real=0.14s
[29.417s][info][gc,start    ] GC(86) Pause Young (Normal) (G1 Evacuation Pause)
[29.417s][info][gc,task     ] GC(86) Using 8 workers of 8 for evacuation
[29.469s][info][gc,phases   ] GC(86)   Pre Evacuate Collection Set: 0.1ms
[29.469s][info][gc,phases   ] GC(86)   Merge Heap Roots: 0.8ms
[29.469s][info][gc,phases   ] GC(86)   Evacuate Collection Set: 48.2ms
[29.469s][info][gc,phases   ] GC(86)   Post Evacuate Collection Set: 2.1ms
[29.469s][info][gc,phases   ] GC(86)   Other: 0.3ms
[29.469s][info][gc,heap     ] GC(86) Eden regions: 146->0(212)
[29.469s][info][gc,heap     ] GC(86) Survivor regions: 26->22(22)
[29.469s][info][gc,heap     ] GC(86) Old regions: 426->448
[29.469s][info][gc,heap     ] GC(86) Archive regions: 2->2
[29.469s][info][gc,heap     ] GC(86) Humongous regions: 9->9
[29.469s][info][gc,metaspace] GC(86) Metaspace: 456K(4864K)->456K(4864K) NonClass: 425K(4352K)->425K(4352K) Class: 30K(512K)->30K(512K)
[29.469s][info][gc          ] GC(86) Pause Young (Normal) (G1 Evacuation Pause) 1214M->958M(2072M) 51.559ms
[29.469s][info][gc,cpu      ] GC(86) User=0.34s Sys=0.00s Real=0.05s
[30.254s][info][gc,start    ] GC(87) Pause Young (Normal) (G1 Evacuation Pause)
[30.255s][info][gc,task     ] GC(87) Using 8 workers of 8 for evacuation
[30.303s][info][gc,phases   ] GC(87)   Pre Evacuate Collection Set: 0.1ms
[30.303s][info][gc,phases   ] GC(87)   Merge Heap Roots: 0.5ms
[30.303s][info][gc,phases   ] GC(87)   Evacuate Collection Set: 46.7ms
[30.303s][info][gc,phases   ] GC(87)   Post Evacuate Collection Set: 0.6ms
[30.303s][info][gc,phases   ] GC(87)   Other: 0.2ms
[30.303s][info][gc,heap     ] GC(87) Eden regions: 212->0(219)
[30.303s][info][gc,heap     ] GC(87) Survivor regions: 22->30(30)
[30.303s][info][gc,heap     ] GC(87) Old regions: 448->460
[30.303s][info][gc,heap     ] GC(87) Archive regions: 2->2
[30.303s][info][gc,heap     ] GC(87) Humongous regions: 9->9
[30.303s][info][gc,metaspace] GC(87) Metaspace: 456K(4864K)->456K(4864K) NonClass: 425K(4352K)->425K(4352K) Class: 30K(512K)->30K(512K)
[30.303s][info][gc          ] GC(87) Pause Young (Normal) (G1 Evacuation Pause) 1382M->998M(2072M) 48.234ms
[30.303s][info][gc,cpu      ] GC(87) User=0.32s Sys=0.00s Real=0.04s
[30.745s][info][gc,start    ] GC(88) Pause Young (Normal) (G1 Evacuation Pause)
[30.745s][info][gc,task     ] GC(88) Using 8 workers of 8 for evacuation
[30.806s][info][gc,phases   ] GC(88)   Pre Evacuate Collection Set: 0.2ms
[30.806s][info][gc,phases   ] GC(88)   Merge Heap Roots: 0.5ms
[30.806s][info][gc,phases   ] GC(88)   Evacuate Collection Set: 58.9ms
[30.806s][info][gc,phases   ] GC(88)   Post Evacuate Collection Set: 0.6ms
[30.806s][info][gc,phases   ] GC(88)   Other: 0.2ms
[30.806s][info][gc,heap     ] GC(88) Eden regions: 219->0(214)
[30.806s][info][gc,heap     ] GC(88) Survivor regions: 30->32(32)
[30.806s][info][gc,heap     ] GC(88) Old regions: 460->480
[30.806s][info][gc,heap     ] GC(88) Archive regions: 2->2
[30.806s][info][gc,heap     ] GC(88) Humongous regions: 9->9
[30.806s][info][gc,metaspace] GC(88) Metaspace: 456K(4864K)->456K(4864K) NonClass: 425K(4352K)->425K(4352K) Class: 30K(512K)->30K(512K)
[30.806s][info][gc          ] GC(88) Pause Young (Normal) (G1 Evacuation Pause) 1436M->1043M(2072M) 60.569ms
[30.806s][info][gc,cpu      ] GC(88) User=0.36s Sys=0.00s Real=0.06s
[31.324s][info][gc,start    ] GC(89) Pause Young (Normal) (G1 Evacuation Pause)
[31.324s][info][gc,task     ] GC(89) Using 8 workers of 8 for evacuation
[31.401s][info][gc,phases   ] GC(89)   Pre Evacuate Collection Set: 0.1ms
[31.401s][info][gc,phases   ] GC(89)   Merge Heap Roots: 0.4ms
[31.401s][info][gc,phases   ] GC(89)   Evacuate Collection Set: 75.8ms
[31.401s][info][gc,phases   ] GC(89)   Post Evacuate Collection Set: 0.4ms
[31.401s][info][gc,phases   ] GC(89)   Other: 0.2ms
[31.401s][info][gc,heap     ] GC(89) Eden regions: 214->0(187)
[31.401s][info][gc,heap     ] GC(89) Survivor regions: 32->31(31)
[31.401s][info][gc,heap     ] GC(89) Old regions: 480->519
[31.401s][info][gc,heap     ] GC(89) Archive regions: 2->2
[31.401s][info][gc,heap     ] GC(89) Humongous regions: 9->9
[31.401s][info][gc,metaspace] GC(89) Metaspace: 456K(4864K)->456K(4864K) NonClass: 425K(4352K)->425K(4352K) Class: 30K(512K)->30K(512K)
[31.401s][info][gc          ] GC(89) Pause Young (Normal) (G1 Evacuation Pause) 1471M->1118M(2072M) 77.095ms
[31.401s][info][gc,cpu      ] GC(89) User=0.58s Sys=0.00s Real=0.07s
[31.817s][info][gc,start    ] GC(90) Pause Young (Normal) (G1 Evacuation Pause)
[31.817s][info][gc,task     ] GC(90) Using 8 workers of 8 for evacuation
[31.891s][info][gc,phases   ] GC(90)   Pre Evacuate Collection Set: 0.1ms
[31.891s][info][gc,phases   ] GC(90)   Merge Heap Roots: 0.6ms
[31.891s][info][gc,phases   ] GC(90)   Evacuate Collection Set: 70.1ms
[31.891s][info][gc,phases   ] GC(90)   Post Evacuate Collection Set: 2.3ms
[31.891s][info][gc,phases   ] GC(90)   Other: 0.3ms
[31.891s][info][gc,heap     ] GC(90) Eden regions: 187->0(187)
[31.891s][info][gc,heap     ] GC(90) Survivor regions: 31->28(28)
[31.891s][info][gc,heap     ] GC(90) Old regions: 519->552
[31.891s][info][gc,heap     ] GC(90) Archive regions: 2->2
[31.891s][info][gc,heap     ] GC(90) Humongous regions: 9->9
[31.891s][info][gc,metaspace] GC(90) Metaspace: 456K(4864K)->456K(4864K) NonClass: 425K(4352K)->425K(4352K) Class: 30K(512K)->30K(512K)
[31.891s][info][gc          ] GC(90) Pause Young (Normal) (G1 Evacuation Pause) 1492M->1178M(2126M) 73.547ms
[31.891s][info][gc,cpu      ] GC(90) User=0.44s Sys=0.01s Real=0.07s
[32.373s][info][gc,start    ] GC(91) Pause Young (Normal) (G1 Evacuation Pause)
[32.373s][info][gc,task     ] GC(91) Using 8 workers of 8 for evacuation
[32.432s][info][gc,phases   ] GC(91)   Pre Evacuate Collection Set: 0.1ms
[32.432s][info][gc,phases   ] GC(91)   Merge Heap Roots: 0.7ms
[32.432s][info][gc,phases   ] GC(91)   Evacuate Collection Set: 57.0ms
[32.432s][info][gc,phases   ] GC(91)   Post Evacuate Collection Set: 0.7ms
[32.432s][info][gc,phases   ] GC(91)   Other: 0.2ms
[32.432s][info][gc,heap     ] GC(91) Eden regions: 187->0(178)
[32.432s][info][gc,heap     ] GC(91) Survivor regions: 28->27(27)
[32.432s][info][gc,heap     ] GC(91) Old regions: 552->580
[32.432s][info][gc,heap     ] GC(91) Archive regions: 2->2
[32.432s][info][gc,heap     ] GC(91) Humongous regions: 9->9
[32.432s][info][gc,metaspace] GC(91) Metaspace: 456K(4864K)->456K(4864K) NonClass: 425K(4352K)->425K(4352K) Class: 30K(512K)->30K(512K)
[32.432s][info][gc          ] GC(91) Pause Young (Normal) (G1 Evacuation Pause) 1552M->1232M(2126M) 58.879ms
[32.432s][info][gc,cpu      ] GC(91) User=0.38s Sys=0.05s Real=0.06s
[32.831s][info][gc,start    ] GC(92) Pause Young (Normal) (G1 Evacuation Pause)
[32.831s][info][gc,task     ] GC(92) Using 8 workers of 8 for evacuation
[32.874s][info][gc,phases   ] GC(92)   Pre Evacuate Collection Set: 0.1ms
[32.874s][info][gc,phases   ] GC(92)   Merge Heap Roots: 0.5ms
[32.874s][info][gc,phases   ] GC(92)   Evacuate Collection Set: 41.5ms
[32.874s][info][gc,phases   ] GC(92)   Post Evacuate Collection Set: 0.5ms
[32.874s][info][gc,phases   ] GC(92)   Other: 0.2ms
[32.874s][info][gc,heap     ] GC(92) Eden regions: 178->0(184)
[32.874s][info][gc,heap     ] GC(92) Survivor regions: 27->24(26)
[32.874s][info][gc,heap     ] GC(92) Old regions: 580->588
[32.874s][info][gc,heap     ] GC(92) Archive regions: 2->2
[32.874s][info][gc,heap     ] GC(92) Humongous regions: 9->9
[32.874s][info][gc,metaspace] GC(92) Metaspace: 456K(4864K)->456K(4864K) NonClass: 425K(4352K)->425K(4352K) Class: 30K(512K)->30K(512K)
[32.874s][info][gc          ] GC(92) Pause Young (Normal) (G1 Evacuation Pause) 1588M->1242M(2126M) 42.851ms
[32.874s][info][gc,cpu      ] GC(92) User=0.22s Sys=0.00s Real=0.05s
[33.225s][info][gc,start    ] GC(93) Pause Young (Normal) (G1 Evacuation Pause)
[33.225s][info][gc,task     ] GC(93) Using 8 workers of 8 for evacuation
[33.280s][info][gc,phases   ] GC(93)   Pre Evacuate Collection Set: 0.2ms
[33.280s][info][gc,phases   ] GC(93)   Merge Heap Roots: 0.5ms
[33.280s][info][gc,phases   ] GC(93)   Evacuate Collection Set: 53.9ms
[33.280s][info][gc,phases   ] GC(93)   Post Evacuate Collection Set: 0.6ms
[33.280s][info][gc,phases   ] GC(93)   Other: 0.2ms
[33.280s][info][gc,heap     ] GC(93) Eden regions: 184->0(163)
[33.280s][info][gc,heap     ] GC(93) Survivor regions: 24->26(26)
[33.280s][info][gc,heap     ] GC(93) Old regions: 588->612
[33.280s][info][gc,heap     ] GC(93) Archive regions: 2->2
[33.280s][info][gc,heap     ] GC(93) Humongous regions: 9->9
[33.280s][info][gc,metaspace] GC(93) Metaspace: 456K(4864K)->456K(4864K) NonClass: 425K(4352K)->425K(4352K) Class: 30K(512K)->30K(512K)
[33.280s][info][gc          ] GC(93) Pause Young (Normal) (G1 Evacuation Pause) 1610M->1294M(2126M) 55.471ms
[33.280s][info][gc,cpu      ] GC(93) User=0.28s Sys=0.00s Real=0.05s
[33.592s][info][gc,start    ] GC(94) Pause Young (Normal) (G1 Evacuation Pause)
[33.592s][info][gc,task     ] GC(94) Using 8 workers of 8 for evacuation
[33.680s][info][gc,phases   ] GC(94)   Pre Evacuate Collection Set: 0.1ms
[33.680s][info][gc,phases   ] GC(94)   Merge Heap Roots: 0.3ms
[33.680s][info][gc,phases   ] GC(94)   Evacuate Collection Set: 87.6ms
[33.680s][info][gc,phases   ] GC(94)   Post Evacuate Collection Set: 0.5ms
[33.680s][info][gc,phases   ] GC(94)   Other: 0.2ms
[33.680s][info][gc,heap     ] GC(94) Eden regions: 163->0(92)
[33.680s][info][gc,heap     ] GC(94) Survivor regions: 26->24(24)
[33.680s][info][gc,heap     ] GC(94) Old regions: 612->688
[33.680s][info][gc,heap     ] GC(94) Archive regions: 2->2
[33.680s][info][gc,heap     ] GC(94) Humongous regions: 9->9
[33.680s][info][gc,metaspace] GC(94) Metaspace: 456K(4864K)->456K(4864K) NonClass: 425K(4352K)->425K(4352K) Class: 30K(512K)->30K(512K)
[33.680s][info][gc          ] GC(94) Pause Young (Normal) (G1 Evacuation Pause) 1620M->1443M(2126M) 88.876ms
[33.680s][info][gc,cpu      ] GC(94) User=0.66s Sys=0.00s Real=0.09s
[33.911s][info][gc,start    ] GC(95) Pause Young (Normal) (G1 Evacuation Pause)
[33.911s][info][gc,task     ] GC(95) Using 8 workers of 8 for evacuation
[33.947s][info][gc,phases   ] GC(95)   Pre Evacuate Collection Set: 0.1ms
[33.947s][info][gc,phases   ] GC(95)   Merge Heap Roots: 0.3ms
[33.947s][info][gc,phases   ] GC(95)   Evacuate Collection Set: 33.5ms
[33.947s][info][gc,phases   ] GC(95)   Post Evacuate Collection Set: 1.3ms
[33.947s][info][gc,phases   ] GC(95)   Other: 0.2ms
[33.947s][info][gc,heap     ] GC(95) Eden regions: 92->0(109)
[33.947s][info][gc,heap     ] GC(95) Survivor regions: 24->15(15)
[33.947s][info][gc,heap     ] GC(95) Old regions: 688->714
[33.947s][info][gc,heap     ] GC(95) Archive regions: 2->2
[33.947s][info][gc,heap     ] GC(95) Humongous regions: 9->9
[33.947s][info][gc,metaspace] GC(95) Metaspace: 456K(4864K)->456K(4864K) NonClass: 425K(4352K)->425K(4352K) Class: 30K(512K)->30K(512K)
[33.947s][info][gc          ] GC(95) Pause Young (Normal) (G1 Evacuation Pause) 1627M->1476M(2222M) 35.577ms
[33.947s][info][gc,cpu      ] GC(95) User=0.22s Sys=0.01s Real=0.04s
[34.289s][info][gc,start    ] GC(96) Pause Young (Normal) (G1 Evacuation Pause)
[34.289s][info][gc,task     ] GC(96) Using 8 workers of 8 for evacuation
[34.388s][info][gc,phases   ] GC(96)   Pre Evacuate Collection Set: 0.2ms
[34.459s][info][gc,phases   ] GC(96)   Merge Heap Roots: 0.6ms
[34.459s][info][gc,phases   ] GC(96)   Evacuate Collection Set: 97.8ms
[34.459s][info][gc,phases   ] GC(96)   Post Evacuate Collection Set: 0.5ms
[34.459s][info][gc,phases   ] GC(96)   Other: 0.2ms
[34.459s][info][gc,heap     ] GC(96) Eden regions: 109->0(67)
[34.459s][info][gc,heap     ] GC(96) Survivor regions: 15->16(16)
[34.459s][info][gc,heap     ] GC(96) Old regions: 714->795
[34.459s][info][gc,heap     ] GC(96) Archive regions: 2->2
[34.459s][info][gc,heap     ] GC(96) Humongous regions: 9->9
[34.459s][info][gc,metaspace] GC(96) Metaspace: 456K(4864K)->456K(4864K) NonClass: 425K(4352K)->425K(4352K) Class: 30K(512K)->30K(512K)
[34.459s][info][gc          ] GC(96) Pause Young (Normal) (G1 Evacuation Pause) 1694M->1641M(2222M) 170.124ms
[34.459s][info][gc,cpu      ] GC(96) User=0.65s Sys=0.00s Real=0.17s
[34.682s][info][gc,start    ] GC(97) Pause Young (Normal) (G1 Evacuation Pause)
[34.682s][info][gc,task     ] GC(97) Using 8 workers of 8 for evacuation
[34.700s][info][gc,phases   ] GC(97)   Pre Evacuate Collection Set: 0.1ms
[34.700s][info][gc,phases   ] GC(97)   Merge Heap Roots: 0.2ms
[34.700s][info][gc,phases   ] GC(97)   Evacuate Collection Set: 16.9ms
[34.700s][info][gc,phases   ] GC(97)   Post Evacuate Collection Set: 0.4ms
[34.700s][info][gc,phases   ] GC(97)   Other: 0.2ms
[34.700s][info][gc,heap     ] GC(97) Eden regions: 67->0(75)
[34.700s][info][gc,heap     ] GC(97) Survivor regions: 16->9(11)
[34.700s][info][gc,heap     ] GC(97) Old regions: 795->802
[34.700s][info][gc,heap     ] GC(97) Archive regions: 2->2
[34.700s][info][gc,heap     ] GC(97) Humongous regions: 9->9
[34.700s][info][gc,metaspace] GC(97) Metaspace: 456K(4864K)->456K(4864K) NonClass: 425K(4352K)->425K(4352K) Class: 30K(512K)->30K(512K)
[34.700s][info][gc          ] GC(97) Pause Young (Normal) (G1 Evacuation Pause) 1775M->1641M(2222M) 17.929ms
[34.700s][info][gc,cpu      ] GC(97) User=0.11s Sys=0.00s Real=0.02s
[34.825s][info][gc,start    ] GC(98) Pause Young (Normal) (G1 Evacuation Pause)
[34.825s][info][gc,task     ] GC(98) Using 8 workers of 8 for evacuation
[34.893s][info][gc,phases   ] GC(98)   Pre Evacuate Collection Set: 0.1ms
[34.893s][info][gc,phases   ] GC(98)   Merge Heap Roots: 0.3ms
[34.893s][info][gc,phases   ] GC(98)   Evacuate Collection Set: 66.7ms
[34.893s][info][gc,phases   ] GC(98)   Post Evacuate Collection Set: 0.4ms
[34.893s][info][gc,phases   ] GC(98)   Other: 0.2ms
[34.893s][info][gc,heap     ] GC(98) Eden regions: 75->0(44)
[34.893s][info][gc,heap     ] GC(98) Survivor regions: 9->11(11)
[34.893s][info][gc,heap     ] GC(98) Old regions: 802->875
[34.893s][info][gc,heap     ] GC(98) Archive regions: 2->2
[34.893s][info][gc,heap     ] GC(98) Humongous regions: 9->9
[34.893s][info][gc,metaspace] GC(98) Metaspace: 456K(4864K)->456K(4864K) NonClass: 425K(4352K)->425K(4352K) Class: 30K(512K)->30K(512K)
[34.893s][info][gc          ] GC(98) Pause Young (Normal) (G1 Evacuation Pause) 1791M->1791M(2222M) 67.769ms
[34.893s][info][gc,cpu      ] GC(98) User=0.54s Sys=0.00s Real=0.06s
[34.998s][info][gc,start    ] GC(99) Pause Young (Concurrent Start) (G1 Evacuation Pause)
[34.998s][info][gc,task     ] GC(99) Using 8 workers of 8 for evacuation
[35.079s][info][gc,phases   ] GC(99)   Pre Evacuate Collection Set: 0.1ms
[35.079s][info][gc,phases   ] GC(99)   Merge Heap Roots: 0.5ms
[35.079s][info][gc,phases   ] GC(99)   Evacuate Collection Set: 79.2ms
[35.079s][info][gc,phases   ] GC(99)   Post Evacuate Collection Set: 0.4ms
[35.079s][info][gc,phases   ] GC(99)   Other: 0.2ms
[35.079s][info][gc,heap     ] GC(99) Eden regions: 44->0(48)
[35.079s][info][gc,heap     ] GC(99) Survivor regions: 11->7(7)
[35.079s][info][gc,heap     ] GC(99) Old regions: 875->924
[35.079s][info][gc,heap     ] GC(99) Archive regions: 2->2
[35.079s][info][gc,heap     ] GC(99) Humongous regions: 9->9
[35.079s][info][gc,metaspace] GC(99) Metaspace: 456K(4864K)->456K(4864K) NonClass: 425K(4352K)->425K(4352K) Class: 30K(512K)->30K(512K)
[35.079s][info][gc          ] GC(99) Pause Young (Concurrent Start) (G1 Evacuation Pause) 1879M->1880M(2222M) 80.716ms
[35.079s][info][gc,cpu      ] GC(99) User=0.57s Sys=0.00s Real=0.08s
[35.079s][info][gc          ] GC(100) Concurrent Cycle
[35.107s][info][gc,task     ] GC(100) Using 2 workers of 2 for marking
[35.256s][info][gc,start    ] GC(101) Pause Young (Normal) (G1 Evacuation Pause)
[35.256s][info][gc,task     ] GC(101) Using 8 workers of 8 for evacuation
[35.272s][info][gc,phases   ] GC(101)   Pre Evacuate Collection Set: 0.1ms
[35.272s][info][gc,phases   ] GC(101)   Merge Heap Roots: 0.2ms
[35.272s][info][gc,phases   ] GC(101)   Evacuate Collection Set: 14.8ms
[35.272s][info][gc,phases   ] GC(101)   Post Evacuate Collection Set: 0.3ms
[35.272s][info][gc,phases   ] GC(101)   Other: 0.1ms
[35.272s][info][gc,heap     ] GC(101) Eden regions: 48->0(54)
[35.272s][info][gc,heap     ] GC(101) Survivor regions: 7->1(7)
[35.272s][info][gc,heap     ] GC(101) Old regions: 924->933
[35.272s][info][gc,heap     ] GC(101) Archive regions: 2->2
[35.272s][info][gc,heap     ] GC(101) Humongous regions: 9->9
[35.272s][info][gc,metaspace] GC(101) Metaspace: 456K(4864K)->456K(4864K) NonClass: 425K(4352K)->425K(4352K) Class: 30K(512K)->30K(512K)
[35.272s][info][gc          ] GC(101) Pause Young (Normal) (G1 Evacuation Pause) 1976M->1886M(2222M) 15.737ms
[35.272s][info][gc,cpu      ] GC(101) User=0.11s Sys=0.00s Real=0.01s
[35.292s][info][gc,start    ] GC(100) Pause Remark
[35.382s][info][gc          ] GC(100) Pause Remark 1894M->376M(1268M) 89.506ms
[35.382s][info][gc,cpu      ] GC(100) User=0.00s Sys=0.09s Real=0.09s
[35.520s][info][gc,start    ] GC(100) Pause Cleanup
[35.521s][info][gc          ] GC(100) Pause Cleanup 460M->460M(1268M) 0.218ms
[35.521s][info][gc,cpu      ] GC(100) User=0.00s Sys=0.00s Real=0.00s
[35.526s][info][gc          ] GC(100) Concurrent Cycle 446.577ms
[35.533s][info][gc,start    ] GC(102) Pause Young (Normal) (G1 Evacuation Pause)
[35.533s][info][gc,task     ] GC(102) Using 8 workers of 8 for evacuation
[35.558s][info][gc,phases   ] GC(102)   Pre Evacuate Collection Set: 0.1ms
[35.558s][info][gc,phases   ] GC(102)   Merge Heap Roots: 0.1ms
[35.559s][info][gc,phases   ] GC(102)   Evacuate Collection Set: 24.4ms
[35.559s][info][gc,phases   ] GC(102)   Post Evacuate Collection Set: 0.4ms
[35.559s][info][gc,phases   ] GC(102)   Other: 0.1ms
[35.559s][info][gc,heap     ] GC(102) Eden regions: 54->0(140)
[35.559s][info][gc,heap     ] GC(102) Survivor regions: 1->7(7)
[35.559s][info][gc,heap     ] GC(102) Old regions: 174->195
[35.559s][info][gc,heap     ] GC(102) Archive regions: 2->2
[35.559s][info][gc,heap     ] GC(102) Humongous regions: 9->9
[35.559s][info][gc,metaspace] GC(102) Metaspace: 456K(4864K)->456K(4864K) NonClass: 425K(4352K)->425K(4352K) Class: 30K(512K)->30K(512K)
[35.559s][info][gc          ] GC(102) Pause Young (Normal) (G1 Evacuation Pause) 476M->423M(1268M) 25.273ms
[35.559s][info][gc,cpu      ] GC(102) User=0.22s Sys=0.00s Real=0.03s
[35.862s][info][gc,start    ] GC(103) Pause Young (Normal) (G1 Evacuation Pause)
[35.863s][info][gc,task     ] GC(103) Using 8 workers of 8 for evacuation
[35.932s][info][gc,phases   ] GC(103)   Pre Evacuate Collection Set: 0.1ms
[35.932s][info][gc,phases   ] GC(103)   Merge Heap Roots: 0.7ms
[35.932s][info][gc,phases   ] GC(103)   Evacuate Collection Set: 65.6ms
[35.932s][info][gc,phases   ] GC(103)   Post Evacuate Collection Set: 3.0ms
[35.932s][info][gc,phases   ] GC(103)   Other: 0.3ms
[35.932s][info][gc,heap     ] GC(103) Eden regions: 140->0(187)
[35.932s][info][gc,heap     ] GC(103) Survivor regions: 7->19(19)
[35.932s][info][gc,heap     ] GC(103) Old regions: 195->245
[35.932s][info][gc,heap     ] GC(103) Archive regions: 2->2
[35.932s][info][gc,heap     ] GC(103) Humongous regions: 9->9
[35.932s][info][gc,metaspace] GC(103) Metaspace: 456K(4864K)->456K(4864K) NonClass: 425K(4352K)->425K(4352K) Class: 30K(512K)->30K(512K)
[35.932s][info][gc          ] GC(103) Pause Young (Normal) (G1 Evacuation Pause) 703M->547M(1616M) 69.816ms
[35.932s][info][gc,cpu      ] GC(103) User=0.43s Sys=0.02s Real=0.07s
[36.101s][info][gc,heap,exit] Heap
[36.101s][info][gc,heap,exit]  garbage-first heap   total 1654784K, used 630534K [0x0000000744800000, 0x0000000800000000)
[36.101s][info][gc,heap,exit]   region size 2048K, 54 young (110592K), 19 survivors (38912K)
[36.101s][info][gc,heap,exit]  Metaspace       used 457K, capacity 4526K, committed 4864K, reserved 1056768K
[36.101s][info][gc,heap,exit]   class space    used 30K, capacity 396K, committed 512K, reserved 1048576K
